Archive member included because of file (symbol)

./core.a(wiring.c.o)          project/AudioFrequencyMeter.cpp.o (SystemCoreClock)
./core.a(wiring_digital.c.o)  project/AudioFrequencyMeter.cpp.o (pinMode)
./core.a(Print.cpp.o)         project/LiquidCrystal.cpp.o (Print::write(unsigned char const*, unsigned int))
./core.a(abi.cpp.o)           project/SoftwareSerial.cpp.o (__cxa_pure_virtual)
./core.a(cortex_handlers.c.o)
                              (Reset_Handler)
./core.a(wiring_private.c.o)  project/AudioFrequencyMeter.cpp.o (pinPeripheral)
./core.a(hooks.c.o)           ./core.a(cortex_handlers.c.o) (sysTickHook)
./core.a(WInterrupts.c.o)     project/SoftwareSerial.cpp.o (attachInterrupt)
./core.a(Uart.cpp.o)          project/fall2018HearingCarMainCode.cpp.o (Uart::begin(unsigned long))
./core.a(wiring_analog.c.o)   ./core.a(wiring.c.o) (analogReference)
./core.a(main.cpp.o)          /Users/aryamirshafii/.arduinocdt/packages/arduino/tools/arm-none-eabi-gcc/4.8.3-2014q1/bin/../lib/gcc/arm-none-eabi/4.8.3/../../../../arm-none-eabi/lib/armv6-m/crt0.o (main)
./core.a(startup.c.o)         ./core.a(cortex_handlers.c.o) (SystemInit)
./core.a(variant.cpp.o)       project/fall2018HearingCarMainCode.cpp.o (Serial)
./core.a(delay.c.o)           ./core.a(main.cpp.o) (delay)
./core.a(USBCore.cpp.o)       ./core.a(main.cpp.o) (USBDeviceClass::init())
./core.a(SERCOM.cpp.o)        ./core.a(variant.cpp.o) (SERCOM::SERCOM(Sercom*))
./core.a(Reset.cpp.o)         ./core.a(delay.c.o) (tickReset)
./core.a(new.cpp.o)           ./core.a(USBCore.cpp.o) (operator new(unsigned int))
./core.a(PluggableUSB.cpp.o)  ./core.a(USBCore.cpp.o) (PluggableUSB_::getInterface(unsigned char*))
./core.a(CDC.cpp.o)           ./core.a(USBCore.cpp.o) (CDC_GetInterface(unsigned char*))
/Users/aryamirshafii/.arduinocdt/packages/arduino/tools/arm-none-eabi-gcc/4.8.3-2014q1/bin/../lib/gcc/arm-none-eabi/4.8.3/../../../../arm-none-eabi/lib/armv6-m/libm.a(lib_a-s_fpclassify.o)
                              ./core.a(Print.cpp.o) (__fpclassifyd)
/Users/aryamirshafii/.arduinocdt/packages/arduino/tools/arm-none-eabi-gcc/4.8.3-2014q1/bin/../lib/gcc/arm-none-eabi/4.8.3/armv6-m/libgcc.a(_thumb1_case_uqi.o)
                              ./core.a(wiring_digital.c.o) (__gnu_thumb1_case_uqi)
/Users/aryamirshafii/.arduinocdt/packages/arduino/tools/arm-none-eabi-gcc/4.8.3-2014q1/bin/../lib/gcc/arm-none-eabi/4.8.3/armv6-m/libgcc.a(_udivsi3.o)
                              project/AudioFrequencyMeter.cpp.o (__aeabi_uidiv)
/Users/aryamirshafii/.arduinocdt/packages/arduino/tools/arm-none-eabi-gcc/4.8.3-2014q1/bin/../lib/gcc/arm-none-eabi/4.8.3/armv6-m/libgcc.a(_divsi3.o)
                              ./core.a(SERCOM.cpp.o) (__aeabi_idiv)
/Users/aryamirshafii/.arduinocdt/packages/arduino/tools/arm-none-eabi-gcc/4.8.3-2014q1/bin/../lib/gcc/arm-none-eabi/4.8.3/armv6-m/libgcc.a(_dvmd_tls.o)
                              /Users/aryamirshafii/.arduinocdt/packages/arduino/tools/arm-none-eabi-gcc/4.8.3-2014q1/bin/../lib/gcc/arm-none-eabi/4.8.3/armv6-m/libgcc.a(_udivsi3.o) (__aeabi_idiv0)
/Users/aryamirshafii/.arduinocdt/packages/arduino/tools/arm-none-eabi-gcc/4.8.3-2014q1/bin/../lib/gcc/arm-none-eabi/4.8.3/armv6-m/libgcc.a(_arm_cmpdf2.o)
                              ./core.a(Print.cpp.o) (__aeabi_dcmplt)
/Users/aryamirshafii/.arduinocdt/packages/arduino/tools/arm-none-eabi-gcc/4.8.3-2014q1/bin/../lib/gcc/arm-none-eabi/4.8.3/armv6-m/libgcc.a(_arm_cmpsf2.o)
                              project/AudioFrequencyMeter.cpp.o (__aeabi_fcmplt)
/Users/aryamirshafii/.arduinocdt/packages/arduino/tools/arm-none-eabi-gcc/4.8.3-2014q1/bin/../lib/gcc/arm-none-eabi/4.8.3/armv6-m/libgcc.a(_fixunssfsi.o)
                              project/SoftwareSerial.cpp.o (__aeabi_f2uiz)
/Users/aryamirshafii/.arduinocdt/packages/arduino/tools/arm-none-eabi-gcc/4.8.3-2014q1/bin/../lib/gcc/arm-none-eabi/4.8.3/armv6-m/libgcc.a(_fixunsdfsi.o)
                              ./core.a(Print.cpp.o) (__aeabi_d2uiz)
/Users/aryamirshafii/.arduinocdt/packages/arduino/tools/arm-none-eabi-gcc/4.8.3-2014q1/bin/../lib/gcc/arm-none-eabi/4.8.3/armv6-m/libgcc.a(divsf3.o)
                              project/SoftwareSerial.cpp.o (__aeabi_fdiv)
/Users/aryamirshafii/.arduinocdt/packages/arduino/tools/arm-none-eabi-gcc/4.8.3-2014q1/bin/../lib/gcc/arm-none-eabi/4.8.3/armv6-m/libgcc.a(eqsf2.o)
                              /Users/aryamirshafii/.arduinocdt/packages/arduino/tools/arm-none-eabi-gcc/4.8.3-2014q1/bin/../lib/gcc/arm-none-eabi/4.8.3/armv6-m/libgcc.a(_arm_cmpsf2.o) (__eqsf2)
/Users/aryamirshafii/.arduinocdt/packages/arduino/tools/arm-none-eabi-gcc/4.8.3-2014q1/bin/../lib/gcc/arm-none-eabi/4.8.3/armv6-m/libgcc.a(gesf2.o)
                              /Users/aryamirshafii/.arduinocdt/packages/arduino/tools/arm-none-eabi-gcc/4.8.3-2014q1/bin/../lib/gcc/arm-none-eabi/4.8.3/armv6-m/libgcc.a(_arm_cmpsf2.o) (__gesf2)
[...]
Memory Configuration

Name             Origin             Length             Attributes
FLASH            0x0000000000002000 0x000000000003e000 xr
RAM              0x0000000020000000 0x0000000000008000 xrw
*default*        0x0000000000000000 0xffffffffffffffff

Linker script and memory map

LOAD /Users/aryamirshafii/.arduinocdt/packages/arduino/tools/arm-none-eabi-gcc/4.8.3-2014q1/bin/../lib/gcc/arm-none-eabi/4.8.3/armv6-m/crti.o
LOAD /Users/aryamirshafii/.arduinocdt/packages/arduino/tools/arm-none-eabi-gcc/4.8.3-2014q1/bin/../lib/gcc/arm-none-eabi/4.8.3/armv6-m/crtbegin.o
LOAD /Users/aryamirshafii/.arduinocdt/packages/arduino/tools/arm-none-eabi-gcc/4.8.3-2014q1/bin/../lib/gcc/arm-none-eabi/4.8.3/../../../../arm-none-eabi/lib/armv6-m/crt0.o
LOAD project/AudioFrequencyMeter.cpp.o
LOAD project/FrequencyDetect.cpp.o
LOAD project/LiquidCrystal.cpp.o
LOAD project/SoftwareSerial.cpp.o
LOAD project/fall2018HearingCarMainCode.cpp.o
START GROUP
LOAD /Users/aryamirshafii/.arduinocdt/packages/arduino/tools/CMSIS/4.5.0/CMSIS/Lib/GCC//libarm_cortexM0l_math.a
LOAD /Users/aryamirshafii/.arduinocdt/packages/arduino/tools/arm-none-eabi-gcc/4.8.3-2014q1/bin/../lib/gcc/arm-none-eabi/4.8.3/../../../../arm-none-eabi/lib/armv6-m/libm.a
LOAD ./core.a
END GROUP
START GROUP
LOAD /Users/aryamirshafii/.arduinocdt/packages/arduino/tools/arm-none-eabi-gcc/4.8.3-2014q1/bin/../lib/gcc/arm-none-eabi/4.8.3/armv6-m/libgcc.a
LOAD /Users/aryamirshafii/.arduinocdt/packages/arduino/tools/arm-none-eabi-gcc/4.8.3-2014q1/bin/../lib/gcc/arm-none-eabi/4.8.3/../../../../arm-none-eabi/lib/armv6-m/libc_s.a
END GROUP
START GROUP
LOAD /Users/aryamirshafii/.arduinocdt/packages/arduino/tools/arm-none-eabi-gcc/4.8.3-2014q1/bin/../lib/gcc/arm-none-eabi/4.8.3/armv6-m/libgcc.a
LOAD /Users/aryamirshafii/.arduinocdt/packages/arduino/tools/arm-none-eabi-gcc/4.8.3-2014q1/bin/../lib/gcc/arm-none-eabi/4.8.3/../../../../arm-none-eabi/lib/armv6-m/libc_s.a
LOAD /Users/aryamirshafii/.arduinocdt/packages/arduino/tools/arm-none-eabi-gcc/4.8.3-2014q1/bin/../lib/gcc/arm-none-eabi/4.8.3/../../../../arm-none-eabi/lib/armv6-m/libnosys.a
END GROUP
START GROUP
LOAD /Users/aryamirshafii/.arduinocdt/packages/arduino/tools/arm-none-eabi-gcc/4.8.3-2014q1/bin/../lib/gcc/arm-none-eabi/4.8.3/armv6-m/libgcc.a
LOAD /Users/aryamirshafii/.arduinocdt/packages/arduino/tools/arm-none-eabi-gcc/4.8.3-2014q1/bin/../lib/gcc/arm-none-eabi/4.8.3/../../../../arm-none-eabi/lib/armv6-m/libc_s.a
LOAD /Users/aryamirshafii/.arduinocdt/packages/arduino/tools/arm-none-eabi-gcc/4.8.3-2014q1/bin/../lib/gcc/arm-none-eabi/4.8.3/../../../../arm-none-eabi/lib/armv6-m/libnosys.a
END GROUP
LOAD /Users/aryamirshafii/.arduinocdt/packages/arduino/tools/arm-none-eabi-gcc/4.8.3-2014q1/bin/../lib/gcc/arm-none-eabi/4.8.3/armv6-m/crtend.o
LOAD /Users/aryamirshafii/.arduinocdt/packages/arduino/tools/arm-none-eabi-gcc/4.8.3-2014q1/bin/../lib/gcc/arm-none-eabi/4.8.3/armv6-m/crtn.o

.text           0x0000000000002000     0x5850
                0x0000000000002000                __text_start__ = .
 *(.sketch_boot)
                0x0000000000002000                . = ALIGN (0x2000)
 *(.isr_vector)
 .isr_vector    0x0000000000002000       0xb4 ./core.a(cortex_handlers.c.o)
                0x0000000000002000                exception_table
 *(.text*)
 .text          0x00000000000020b4       0x60 /Users/aryamirshafii/.arduinocdt/packages/arduino/tools/arm-none-eabi-gcc/4.8.3-2014q1/bin/../lib/gcc/arm-none-eabi/4.8.3/armv6-m/crtbegin.o
 .text._ZN19AudioFrequencyMeter12setBandwidthEff
                0x0000000000002114        0x6 project/AudioFrequencyMeter.cpp.o
                0x0000000000002114                AudioFrequencyMeter::setBandwidth(float, float)
 *fill*         0x000000000000211a        0x2 
 .text._ZN19AudioFrequencyMeter12getFrequencyEv
                0x000000000000211c       0x48 project/AudioFrequencyMeter.cpp.o
                0x000000000000211c                AudioFrequencyMeter::getFrequency()
 .text._ZN19AudioFrequencyMeter19initializeVariablesEv
                0x0000000000002164       0x8c project/AudioFrequencyMeter.cpp.o
                0x0000000000002164                AudioFrequencyMeter::initializeVariables()
 .text._ZN19AudioFrequencyMeterC2Ev
                0x00000000000021f0        0xc project/AudioFrequencyMeter.cpp.o
                0x00000000000021f0                AudioFrequencyMeter::AudioFrequencyMeter()
                0x00000000000021f0                AudioFrequencyMeter::AudioFrequencyMeter()
 .text._ZN19AudioFrequencyMeter10ADCdisableEv
                0x00000000000021fc       0x18 project/AudioFrequencyMeter.cpp.o
                0x00000000000021fc                AudioFrequencyMeter::ADCdisable()
 .text._ZN19AudioFrequencyMeter9ADCenableEv
                0x0000000000002214       0x18 project/AudioFrequencyMeter.cpp.o
                0x0000000000002214                AudioFrequencyMeter::ADCenable()
 .text._ZN19AudioFrequencyMeter9ADCsetMuxEv
                0x000000000000222c       0x4c project/AudioFrequencyMeter.cpp.o
                0x000000000000222c                AudioFrequencyMeter::ADCsetMux()
 .text._ZN19AudioFrequencyMeter12ADCconfigureEv
                0x0000000000002278       0x48 project/AudioFrequencyMeter.cpp.o
                0x0000000000002278                AudioFrequencyMeter::ADCconfigure()
 .text._ZN19AudioFrequencyMeter8tcEnableEv
                0x00000000000022c0       0x18 project/AudioFrequencyMeter.cpp.o
                0x00000000000022c0                AudioFrequencyMeter::tcEnable()
 .text._ZN19AudioFrequencyMeter7tcResetEv
                0x00000000000022d8       0x1c project/AudioFrequencyMeter.cpp.o
                0x00000000000022d8                AudioFrequencyMeter::tcReset()
 .text._ZN19AudioFrequencyMeter11tcConfigureEv
                0x00000000000022f4       0xa0 project/AudioFrequencyMeter.cpp.o
                0x00000000000022f4                AudioFrequencyMeter::tcConfigure()
 .text._ZN19AudioFrequencyMeter5beginEij
                0x0000000000002394       0x2e project/AudioFrequencyMeter.cpp.o
                0x0000000000002394                AudioFrequencyMeter::begin(int, unsigned int)
 *fill*         0x00000000000023c2        0x2 
 .text._Z7ADCreadv
                0x00000000000023c4       0x34 project/AudioFrequencyMeter.cpp.o
                0x00000000000023c4                ADCread()
 .text.TC5_Handler
                0x00000000000023f8      0x1c0 project/AudioFrequencyMeter.cpp.o
                0x00000000000023f8                TC5_Handler
 .text._ZN5Print17availableForWriteEv
                0x00000000000025b8        0x4 project/LiquidCrystal.cpp.o
                0x00000000000025b8                Print::availableForWrite()
 .text._ZN5Print5flushEv
                0x00000000000025bc        0x2 project/LiquidCrystal.cpp.o
                0x00000000000025bc                Print::flush()
 .text._ZN13LiquidCrystal11pulseEnableEv
                0x00000000000025be       0x32 project/LiquidCrystal.cpp.o
                0x00000000000025be                LiquidCrystal::pulseEnable()
 .text._ZN13LiquidCrystal10write4bitsEh
                0x00000000000025f0       0x26 project/LiquidCrystal.cpp.o
                0x00000000000025f0                LiquidCrystal::write4bits(unsigned char)
 .text._ZN13LiquidCrystal10write8bitsEh
                0x0000000000002616       0x26 project/LiquidCrystal.cpp.o
                0x0000000000002616                LiquidCrystal::write8bits(unsigned char)
 .text._ZN13LiquidCrystal4sendEhh
                0x000000000000263c       0x3c project/LiquidCrystal.cpp.o
                0x000000000000263c                LiquidCrystal::send(unsigned char, unsigned char)
 .text._ZN13LiquidCrystal7commandEh
                0x0000000000002678        0xa project/LiquidCrystal.cpp.o
                0x0000000000002678                LiquidCrystal::command(unsigned char)
 .text._ZN13LiquidCrystal5clearEv
                0x0000000000002682       0x12 project/LiquidCrystal.cpp.o
                0x0000000000002682                LiquidCrystal::clear()
 .text._ZN13LiquidCrystal9setCursorEhh
                0x0000000000002694       0x2a project/LiquidCrystal.cpp.o
                0x0000000000002694                LiquidCrystal::setCursor(unsigned char, unsigned char)
 .text._ZN13LiquidCrystal7displayEv
                0x00000000000026be       0x14 project/LiquidCrystal.cpp.o
                0x00000000000026be                LiquidCrystal::display()
 *fill*         0x00000000000026d2        0x2 
 .text._ZN13LiquidCrystal5beginEhhh
                0x00000000000026d4      0x128 project/LiquidCrystal.cpp.o
                0x00000000000026d4                LiquidCrystal::begin(unsigned char, unsigned char, unsigned char)
 .text._ZN13LiquidCrystalC2Ehhhhhh
                0x00000000000027fc       0x4c project/LiquidCrystal.cpp.o
                0x00000000000027fc                LiquidCrystal::LiquidCrystal(unsigned char, unsigned char, unsigned char, unsigned char, unsigned char, unsigned char)
                0x00000000000027fc                LiquidCrystal::LiquidCrystal(unsigned char, unsigned char, unsigned char, unsigned char, unsigned char, unsigned char)
 .text._ZN13LiquidCrystal5writeEh
                0x0000000000002848        0xc project/LiquidCrystal.cpp.o
                0x0000000000002848                LiquidCrystal::write(unsigned char)
 .text._ZN14SoftwareSerial4readEv
                0x0000000000002854       0x3c project/SoftwareSerial.cpp.o
                0x0000000000002854                SoftwareSerial::read()
 .text._ZN14SoftwareSerial5writeEh
                0x0000000000002890       0xb0 project/SoftwareSerial.cpp.o
                0x0000000000002890                SoftwareSerial::write(unsigned char)
 .text._ZN14SoftwareSerial4peekEv
                0x0000000000002940       0x34 project/SoftwareSerial.cpp.o
                0x0000000000002940                SoftwareSerial::peek()
 .text._ZN14SoftwareSerial9availableEv
                0x0000000000002974       0x3c project/SoftwareSerial.cpp.o
                0x0000000000002974                SoftwareSerial::available()
 .text._ZN14SoftwareSerial5flushEv
                0x00000000000029b0       0x3c project/SoftwareSerial.cpp.o
                0x00000000000029b0                SoftwareSerial::flush()
 .text._ZN14SoftwareSerial13stopListeningEv
                0x00000000000029ec       0x2c project/SoftwareSerial.cpp.o
                0x00000000000029ec                SoftwareSerial::stopListening()
 .text._ZN14SoftwareSerialC2Ehhb
                0x0000000000002a18       0x3c project/SoftwareSerial.cpp.o
                0x0000000000002a18                SoftwareSerial::SoftwareSerial(unsigned char, unsigned char, bool)
                0x0000000000002a18                SoftwareSerial::SoftwareSerial(unsigned char, unsigned char, bool)
 .text._ZN14SoftwareSerialD2Ev
                0x0000000000002a54       0x18 project/SoftwareSerial.cpp.o
                0x0000000000002a54                SoftwareSerial::~SoftwareSerial()
                0x0000000000002a54                SoftwareSerial::~SoftwareSerial()
 .text._Z10writeToBLEif
                0x0000000000002a6c       0xec project/fall2018HearingCarMainCode.cpp.o
                0x0000000000002a6c                writeToBLE(int, float)
 .text._Z20calcDirectionAndFreqv
                0x0000000000002b58       0x98 project/fall2018HearingCarMainCode.cpp.o
                0x0000000000002b58                calcDirectionAndFreq()
 .text.loop     0x0000000000002bf0       0x18 project/fall2018HearingCarMainCode.cpp.o
                0x0000000000002bf0                loop
 .text.startup._GLOBAL__sub_I_frequencyPin
                0x0000000000002c08       0x50 project/fall2018HearingCarMainCode.cpp.o
 .text.setup    0x0000000000002c58       0x78 project/fall2018HearingCarMainCode.cpp.o
                0x0000000000002c58                setup
 .text.init     0x0000000000002cd0       0xf0 ./core.a(wiring.c.o)
                0x0000000000002cd0                init
 .text.pinMode  0x0000000000002dc0       0xb4 ./core.a(wiring_digital.c.o)
                0x0000000000002dc0                pinMode
 .text.digitalWrite
                0x0000000000002e74       0x60 ./core.a(wiring_digital.c.o)
                0x0000000000002e74                digitalWrite
 .text.digitalRead
                0x0000000000002ed4       0x30 ./core.a(wiring_digital.c.o)
                0x0000000000002ed4                digitalRead
 .text._ZN5Print5writeEPKhj
                0x0000000000002f04       0x28 ./core.a(Print.cpp.o)
                0x0000000000002f04                Print::write(unsigned char const*, unsigned int)
 .text._ZN5Print5writeEPKc
                0x0000000000002f2c       0x1c ./core.a(Print.cpp.o)
                0x0000000000002f2c                Print::write(char const*)
 .text._ZN5Print5printEPKc
                0x0000000000002f48        0x8 ./core.a(Print.cpp.o)
                0x0000000000002f48                Print::print(char const*)
 .text._ZN5Print5printEc
                0x0000000000002f50        0xa ./core.a(Print.cpp.o)
                0x0000000000002f50                Print::print(char)
 *fill*         0x0000000000002f5a        0x2 
 .text._ZN5Print7printlnEv
                0x0000000000002f5c       0x10 ./core.a(Print.cpp.o)
                0x0000000000002f5c                Print::println()
 .text._ZN5Print7printlnEPKc
                0x0000000000002f6c       0x14 ./core.a(Print.cpp.o)
                0x0000000000002f6c                Print::println(char const*)
 .text._ZN5Print11printNumberEmh
                0x0000000000002f80       0x4e ./core.a(Print.cpp.o)
                0x0000000000002f80                Print::printNumber(unsigned long, unsigned char)
 .text._ZN5Print5printEli
                0x0000000000002fce       0x3c ./core.a(Print.cpp.o)
                0x0000000000002fce                Print::print(long, int)
 .text._ZN5Print7printlnEii
                0x000000000000300a       0x14 ./core.a(Print.cpp.o)
                0x000000000000300a                Print::println(int, int)
 *fill*         0x000000000000301e        0x2 
 .text._ZN5Print10printFloatEdh
                0x0000000000003020      0x170 ./core.a(Print.cpp.o)
                0x0000000000003020                Print::printFloat(double, unsigned char)
 .text._ZN5Print7printlnEdi
                0x0000000000003190       0x1c ./core.a(Print.cpp.o)
                0x0000000000003190                Print::println(double, int)
 .text.Dummy_Handler
                0x00000000000031ac        0x2 ./core.a(cortex_handlers.c.o)
                0x00000000000031ac                SYSCTRL_Handler
                0x00000000000031ac                HardFault_Handler
                0x00000000000031ac                AC_Handler
                0x00000000000031ac                PendSV_Handler
                0x00000000000031ac                NMI_Handler
                0x00000000000031ac                TC7_Handler
                0x00000000000031ac                SERCOM1_Handler
                0x00000000000031ac                ADC_Handler
                0x00000000000031ac                TCC1_Handler
                0x00000000000031ac                SERCOM2_Handler
                0x00000000000031ac                TCC0_Handler
                0x00000000000031ac                RTC_Handler
                0x00000000000031ac                TC6_Handler
                0x00000000000031ac                WDT_Handler
                0x00000000000031ac                TC4_Handler
                0x00000000000031ac                TC3_Handler
                0x00000000000031ac                Dummy_Handler
                0x00000000000031ac                PM_Handler
                0x00000000000031ac                SVC_Handler
                0x00000000000031ac                TCC2_Handler
                0x00000000000031ac                EVSYS_Handler
                0x00000000000031ac                SERCOM3_Handler
                0x00000000000031ac                SERCOM4_Handler
                0x00000000000031ac                I2S_Handler
                0x00000000000031ac                NVMCTRL_Handler
                0x00000000000031ac                DAC_Handler
                0x00000000000031ac                PTC_Handler
                0x00000000000031ac                DMAC_Handler
 *fill*         0x00000000000031ae        0x2 
 .text.USB_Handler
                0x00000000000031b0       0x14 ./core.a(cortex_handlers.c.o)
                0x00000000000031b0                USB_Handler
 .text.Reset_Handler
                0x00000000000031c4       0x54 ./core.a(cortex_handlers.c.o)
                0x00000000000031c4                Reset_Handler
 .text.SysTick_Handler
                0x0000000000003218       0x10 ./core.a(cortex_handlers.c.o)
                0x0000000000003218                SysTick_Handler
 .text.USB_SetHandler
                0x0000000000003228        0xc ./core.a(cortex_handlers.c.o)
                0x0000000000003228                USB_SetHandler
 .text.pinPeripheral
                0x0000000000003234       0xc4 ./core.a(wiring_private.c.o)
                0x0000000000003234                pinPeripheral
 .text.__empty  0x00000000000032f8        0x2 ./core.a(hooks.c.o)
                0x00000000000032f8                yield
 .text.__false  0x00000000000032fa        0x4 ./core.a(hooks.c.o)
                0x00000000000032fa                sysTickHook
 *fill*         0x00000000000032fe        0x2 
 .text.EIC_Handler
                0x0000000000003300       0x3c ./core.a(WInterrupts.c.o)
                0x0000000000003300                EIC_Handler
 .text._ZN4UartcvbEv
                0x000000000000333c        0x4 ./core.a(Uart.cpp.o)
                0x000000000000333c                Uart::operator bool()
 .text._ZN4Uart5beginEm
                0x0000000000003340       0x10 ./core.a(Uart.cpp.o)
                0x0000000000003340                Uart::begin(unsigned long)
 .text._ZN4Uart4peekEv
                0x0000000000003350       0x16 ./core.a(Uart.cpp.o)
                0x0000000000003350                Uart::peek()
 .text._ZN4Uart3endEv
                0x0000000000003366       0x1c ./core.a(Uart.cpp.o)
                0x0000000000003366                Uart::end()
 *fill*         0x0000000000003382        0x2 
 .text._ZN4UartC2EP6SERCOMhh11SercomRXPad15SercomUartTXPadhh
                0x0000000000003384       0x7c ./core.a(Uart.cpp.o)
                0x0000000000003384                Uart::Uart(SERCOM*, unsigned char, unsigned char, SercomRXPad, SercomUartTXPad, unsigned char, unsigned char)
                0x0000000000003384                Uart::Uart(SERCOM*, unsigned char, unsigned char, SercomRXPad, SercomUartTXPad, unsigned char, unsigned char)
 .text._ZN4UartC2EP6SERCOMhh11SercomRXPad15SercomUartTXPad
                0x0000000000003400       0x24 ./core.a(Uart.cpp.o)
                0x0000000000003400                Uart::Uart(SERCOM*, unsigned char, unsigned char, SercomRXPad, SercomUartTXPad)
                0x0000000000003400                Uart::Uart(SERCOM*, unsigned char, unsigned char, SercomRXPad, SercomUartTXPad)
 .text._ZN4Uart16extractNbStopBitEt
                0x0000000000003424        0xe ./core.a(Uart.cpp.o)
                0x0000000000003424                Uart::extractNbStopBit(unsigned short)
 .text._ZN4Uart15extractCharSizeEt
                0x0000000000003432       0x2c ./core.a(Uart.cpp.o)
                0x0000000000003432                Uart::extractCharSize(unsigned short)
 .text._ZN4Uart13extractParityEt
                0x000000000000345e       0x18 ./core.a(Uart.cpp.o)
                0x000000000000345e                Uart::extractParity(unsigned short)
 *fill*         0x0000000000003476        0x2 
 .text._ZN4Uart5beginEmt
                0x0000000000003478       0xf4 ./core.a(Uart.cpp.o)
                0x0000000000003478                Uart::begin(unsigned long, unsigned short)
 .text._ZN11RingBufferNILi64EE9availableEv
                0x000000000000356c        0xc ./core.a(Uart.cpp.o)
                0x000000000000356c                RingBufferN<64>::available()
 .text._ZN4Uart5flushEv
                0x0000000000003578       0x18 ./core.a(Uart.cpp.o)
                0x0000000000003578                Uart::flush()
 .text._ZN4Uart9availableEv
                0x0000000000003590        0xa ./core.a(Uart.cpp.o)
                0x0000000000003590                Uart::available()
 .text._ZN11RingBufferNILi64EE17availableForStoreEv
                0x000000000000359a       0x1c ./core.a(Uart.cpp.o)
                0x000000000000359a                RingBufferN<64>::availableForStore()
 .text._ZN4Uart17availableForWriteEv
                0x00000000000035b6        0xa ./core.a(Uart.cpp.o)
                0x00000000000035b6                Uart::availableForWrite()
 .text._ZN4Uart10IrqHandlerEv
                0x00000000000035c0       0xb2 ./core.a(Uart.cpp.o)
                0x00000000000035c0                Uart::IrqHandler()
 *fill*         0x0000000000003672        0x2 
 .text._ZN4Uart5writeEh
                0x0000000000003674       0xb8 ./core.a(Uart.cpp.o)
                0x0000000000003674                Uart::write(unsigned char)
 .text._ZN4Uart4readEv
                0x000000000000372c       0x48 ./core.a(Uart.cpp.o)
                0x000000000000372c                Uart::read()
 .text.mapResolution
                0x0000000000003774       0x12 ./core.a(wiring_analog.c.o)
 *fill*         0x0000000000003786        0x2 
 .text.analogReference
                0x0000000000003788       0x5c ./core.a(wiring_analog.c.o)
                0x0000000000003788                analogReference
 .text.analogRead
                0x00000000000037e4       0xd4 ./core.a(wiring_analog.c.o)
                0x00000000000037e4                analogRead
 .text._Z11initVariantv
                0x00000000000038b8        0x2 ./core.a(main.cpp.o)
                0x00000000000038b8                initVariant()
 *fill*         0x00000000000038ba        0x2 
 .text.startup.main
                0x00000000000038bc       0x40 ./core.a(main.cpp.o)
                0x00000000000038bc                main
 .text.SystemInit
                0x00000000000038fc      0x168 ./core.a(startup.c.o)
                0x00000000000038fc                SystemInit
 .text.SERCOM0_Handler
                0x0000000000003a64       0x10 ./core.a(variant.cpp.o)
                0x0000000000003a64                SERCOM0_Handler
 .text.SERCOM5_Handler
                0x0000000000003a74       0x10 ./core.a(variant.cpp.o)
                0x0000000000003a74                SERCOM5_Handler
 .text.startup._GLOBAL__sub_I_g_APinDescription
                0x0000000000003a84       0x94 ./core.a(variant.cpp.o)
 .text.delay    0x0000000000003b18       0x20 ./core.a(delay.c.o)
                0x0000000000003b18                delay
 .text.SysTick_DefaultHandler
                0x0000000000003b38       0x14 ./core.a(delay.c.o)
                0x0000000000003b38                SysTick_DefaultHandler
 .text._ZL5utox8mPc
                0x0000000000003b4c       0x1c ./core.a(USBCore.cpp.o)
 .text._ZN14USBDeviceClass6initEPEmm.part.4
                0x0000000000003b68       0xc8 ./core.a(USBCore.cpp.o)
 .text._ZN20USBDevice_SAMD21G18x5resetEv
                0x0000000000003c30       0x28 ./core.a(USBCore.cpp.o)
                0x0000000000003c30                USBDevice_SAMD21G18x::reset()
 .text._ZN20USBDevice_SAMD21G18x9calibrateEv
                0x0000000000003c58       0x5c ./core.a(USBCore.cpp.o)
                0x0000000000003c58                USBDevice_SAMD21G18x::calibrate()
 .text._ZN7__GuardC2Ev
                0x0000000000003cb4        0xe ./core.a(USBCore.cpp.o)
                0x0000000000003cb4                __Guard::__Guard()
                0x0000000000003cb4                __Guard::__Guard()
 .text._ZN7__GuardD2Ev
                0x0000000000003cc2        0xe ./core.a(USBCore.cpp.o)
                0x0000000000003cc2                __Guard::~__Guard()
                0x0000000000003cc2                __Guard::~__Guard()
 .text._ZNK26DoubleBufferedEPOutHandler9availableEv
                0x0000000000003cd0       0x5e ./core.a(USBCore.cpp.o)
                0x0000000000003cd0                DoubleBufferedEPOutHandler::available() const
 *fill*         0x0000000000003d2e        0x2 
 .text._ZN26DoubleBufferedEPOutHandler7releaseEv
                0x0000000000003d30       0x58 ./core.a(USBCore.cpp.o)
                0x0000000000003d30                DoubleBufferedEPOutHandler::release()
 .text._ZN26DoubleBufferedEPOutHandler4recvEPvm
                0x0000000000003d88      0x11c ./core.a(USBCore.cpp.o)
                0x0000000000003d88                DoubleBufferedEPOutHandler::recv(void*, unsigned long)
 .text._ZN26DoubleBufferedEPOutHandler14handleEndpointEv
                0x0000000000003ea4       0xc8 ./core.a(USBCore.cpp.o)
                0x0000000000003ea4                DoubleBufferedEPOutHandler::handleEndpoint()
 .text._ZN14USBDeviceClass14SendInterfacesEPm
                0x0000000000003f6c       0x2c ./core.a(USBCore.cpp.o)
                0x0000000000003f6c                USBDeviceClass::SendInterfaces(unsigned long*)
 .text._ZN14USBDeviceClass14handleEndpointEh
                0x0000000000003f98       0x40 ./core.a(USBCore.cpp.o)
                0x0000000000003f98                USBDeviceClass::handleEndpoint(unsigned char)
 .text._ZN14USBDeviceClass4initEv
                0x0000000000003fd8       0xf0 ./core.a(USBCore.cpp.o)
                0x0000000000003fd8                USBDeviceClass::init()
 .text._ZN14USBDeviceClass6attachEv
                0x00000000000040c8       0x34 ./core.a(USBCore.cpp.o)
                0x00000000000040c8                USBDeviceClass::attach()
 .text._ZN14USBDeviceClass10setAddressEm
                0x00000000000040fc       0x48 ./core.a(USBCore.cpp.o)
                0x00000000000040fc                USBDeviceClass::setAddress(unsigned long)
 .text._ZN14USBDeviceClass25handleClassInterfaceSetupER8USBSetup
                0x0000000000004144       0x40 ./core.a(USBCore.cpp.o)
                0x0000000000004144                USBDeviceClass::handleClassInterfaceSetup(USBSetup&)
 .text._ZN14USBDeviceClass6initEPEmm
                0x0000000000004184       0xf4 ./core.a(USBCore.cpp.o)
                0x0000000000004184                USBDeviceClass::initEP(unsigned long, unsigned long)
 .text._ZN14USBDeviceClass13initEndpointsEv
                0x0000000000004278       0x24 ./core.a(USBCore.cpp.o)
                0x0000000000004278                USBDeviceClass::initEndpoints()
 .text._ZN14USBDeviceClass9availableEm
                0x000000000000429c       0x2c ./core.a(USBCore.cpp.o)
                0x000000000000429c                USBDeviceClass::available(unsigned long)
 .text._ZN14USBDeviceClass5flushEm
                0x00000000000042c8       0x2c ./core.a(USBCore.cpp.o)
                0x00000000000042c8                USBDeviceClass::flush(unsigned long)
 .text._ZN14USBDeviceClass14armRecvCtrlOUTEm
                0x00000000000042f4       0x60 ./core.a(USBCore.cpp.o)
                0x00000000000042f4                USBDeviceClass::armRecvCtrlOUT(unsigned long)
 .text._ZN14USBDeviceClass11recvControlEPvm
                0x0000000000004354       0x3c ./core.a(USBCore.cpp.o)
                0x0000000000004354                USBDeviceClass::recvControl(void*, unsigned long)
 .text._ZN14USBDeviceClass7armRecvEm
                0x0000000000004390       0x3c ./core.a(USBCore.cpp.o)
                0x0000000000004390                USBDeviceClass::armRecv(unsigned long)
 .text._ZN14USBDeviceClass4recvEmPvm
                0x00000000000043cc       0xd8 ./core.a(USBCore.cpp.o)
                0x00000000000043cc                USBDeviceClass::recv(unsigned long, void*, unsigned long)
 .text._ZN14USBDeviceClass4recvEm
                0x00000000000044a4       0x1c ./core.a(USBCore.cpp.o)
                0x00000000000044a4                USBDeviceClass::recv(unsigned long)
 .text._ZN14USBDeviceClass4sendEmPKvm
                0x00000000000044c0      0x124 ./core.a(USBCore.cpp.o)
                0x00000000000044c0                USBDeviceClass::send(unsigned long, void const*, unsigned long)
 .text._ZN14USBDeviceClass7armSendEmPKvm
                0x00000000000045e4       0x48 ./core.a(USBCore.cpp.o)
                0x00000000000045e4                USBDeviceClass::armSend(unsigned long, void const*, unsigned long)
 .text._ZN14USBDeviceClass11sendControlEPKvm
                0x000000000000462c       0x58 ./core.a(USBCore.cpp.o)
                0x000000000000462c                USBDeviceClass::sendControl(void const*, unsigned long)
 .text._ZN14USBDeviceClass20sendStringDescriptorEPKhh
                0x0000000000004684       0x68 ./core.a(USBCore.cpp.o)
                0x0000000000004684                USBDeviceClass::sendStringDescriptor(unsigned char const*, unsigned char)
 .text._ZN14USBDeviceClass12packMessagesEb.part.6
                0x00000000000046ec       0x20 ./core.a(USBCore.cpp.o)
 .text._ZN14USBDeviceClass17sendConfigurationEm
                0x000000000000470c       0x90 ./core.a(USBCore.cpp.o)
                0x000000000000470c                USBDeviceClass::sendConfiguration(unsigned long)
 .text._ZN14USBDeviceClass14sendDescriptorER8USBSetup
                0x000000000000479c       0xec ./core.a(USBCore.cpp.o)
                0x000000000000479c                USBDeviceClass::sendDescriptor(USBSetup&)
 .text._ZN14USBDeviceClass19handleStandardSetupER8USBSetup
                0x0000000000004888      0x118 ./core.a(USBCore.cpp.o)
                0x0000000000004888                USBDeviceClass::handleStandardSetup(USBSetup&)
 .text._ZN14USBDeviceClass10ISRHandlerEv
                0x00000000000049a0      0x150 ./core.a(USBCore.cpp.o)
                0x00000000000049a0                USBDeviceClass::ISRHandler()
 .text.UDD_Handler
                0x0000000000004af0       0x10 ./core.a(USBCore.cpp.o)
                0x0000000000004af0                UDD_Handler
 .text.startup._GLOBAL__sub_I__ZN20USBDevice_SAMD21G18x5resetEv
                0x0000000000004b00       0x10 ./core.a(USBCore.cpp.o)
 .text._ZN6SERCOMC2EP6Sercom
                0x0000000000004b10        0x4 ./core.a(SERCOM.cpp.o)
                0x0000000000004b10                SERCOM::SERCOM(Sercom*)
                0x0000000000004b10                SERCOM::SERCOM(Sercom*)
 .text._ZN6SERCOM9initFrameE18SercomUartCharSize15SercomDataOrder16SercomParityMode19SercomNumberStopBit
                0x0000000000004b14       0x38 ./core.a(SERCOM.cpp.o)
                0x0000000000004b14                SERCOM::initFrame(SercomUartCharSize, SercomDataOrder, SercomParityMode, SercomNumberStopBit)
 .text._ZN6SERCOM8initPadsE15SercomUartTXPad11SercomRXPad
                0x0000000000004b4c       0x26 ./core.a(SERCOM.cpp.o)
                0x0000000000004b4c                SERCOM::initPads(SercomUartTXPad, SercomRXPad)
 .text._ZN6SERCOM9resetUARTEv
                0x0000000000004b72       0x1c ./core.a(SERCOM.cpp.o)
                0x0000000000004b72                SERCOM::resetUART()
 .text._ZN6SERCOM10enableUARTEv
                0x0000000000004b8e       0x14 ./core.a(SERCOM.cpp.o)
                0x0000000000004b8e                SERCOM::enableUART()
 .text._ZN6SERCOM9flushUARTEv
                0x0000000000004ba2       0x10 ./core.a(SERCOM.cpp.o)
                0x0000000000004ba2                SERCOM::flushUART()
 .text._ZN6SERCOM15clearStatusUARTEv
                0x0000000000004bb2        0x8 ./core.a(SERCOM.cpp.o)
                0x0000000000004bb2                SERCOM::clearStatusUART()
 .text._ZN6SERCOM17availableDataUARTEv
                0x0000000000004bba        0xa ./core.a(SERCOM.cpp.o)
                0x0000000000004bba                SERCOM::availableDataUART()
 .text._ZN6SERCOM11isUARTErrorEv
                0x0000000000004bc4        0x8 ./core.a(SERCOM.cpp.o)
                0x0000000000004bc4                SERCOM::isUARTError()
 .text._ZN6SERCOM20acknowledgeUARTErrorEv
                0x0000000000004bcc        0xe ./core.a(SERCOM.cpp.o)
                0x0000000000004bcc                SERCOM::acknowledgeUARTError()
 .text._ZN6SERCOM23isDataRegisterEmptyUARTEv
                0x0000000000004bda        0xa ./core.a(SERCOM.cpp.o)
                0x0000000000004bda                SERCOM::isDataRegisterEmptyUART()
 .text._ZN6SERCOM12readDataUARTEv
                0x0000000000004be4        0x8 ./core.a(SERCOM.cpp.o)
                0x0000000000004be4                SERCOM::readDataUART()
 .text._ZN6SERCOM13writeDataUARTEh
                0x0000000000004bec        0xe ./core.a(SERCOM.cpp.o)
                0x0000000000004bec                SERCOM::writeDataUART(unsigned char)
 .text._ZN6SERCOM36enableDataRegisterEmptyInterruptUARTEv
                0x0000000000004bfa        0x8 ./core.a(SERCOM.cpp.o)
                0x0000000000004bfa                SERCOM::enableDataRegisterEmptyInterruptUART()
 .text._ZN6SERCOM37disableDataRegisterEmptyInterruptUARTEv
                0x0000000000004c02        0x8 ./core.a(SERCOM.cpp.o)
                0x0000000000004c02                SERCOM::disableDataRegisterEmptyInterruptUART()
 *fill*         0x0000000000004c0a        0x2 
 .text._ZN6SERCOM13initClockNVICEv
                0x0000000000004c0c       0xac ./core.a(SERCOM.cpp.o)
                0x0000000000004c0c                SERCOM::initClockNVIC()
 .text._ZN6SERCOM8initUARTE14SercomUartMode20SercomUartSampleRatem
                0x0000000000004cb8       0x6c ./core.a(SERCOM.cpp.o)
                0x0000000000004cb8                SERCOM::initUART(SercomUartMode, SercomUartSampleRate, unsigned long)
 .text.initiateReset
                0x0000000000004d24        0xc ./core.a(Reset.cpp.o)
                0x0000000000004d24                initiateReset
 .text.cancelReset
                0x0000000000004d30       0x10 ./core.a(Reset.cpp.o)
                0x0000000000004d30                cancelReset
 .text.tickReset
                0x0000000000004d40       0x74 ./core.a(Reset.cpp.o)
                0x0000000000004d40                tickReset
 .text._Znwj    0x0000000000004db4        0x8 ./core.a(new.cpp.o)
                0x0000000000004db4                operator new(unsigned int)
 .text._ZN13PluggableUSB_12getInterfaceEPh
                0x0000000000004dbc       0x2a ./core.a(PluggableUSB.cpp.o)
                0x0000000000004dbc                PluggableUSB_::getInterface(unsigned char*)
 .text._ZN13PluggableUSB_13getDescriptorER8USBSetup
                0x0000000000004de6       0x20 ./core.a(PluggableUSB.cpp.o)
                0x0000000000004de6                PluggableUSB_::getDescriptor(USBSetup&)
 .text._ZN13PluggableUSB_12getShortNameEPc
                0x0000000000004e06       0x1e ./core.a(PluggableUSB.cpp.o)
                0x0000000000004e06                PluggableUSB_::getShortName(char*)
 .text._ZN13PluggableUSB_5setupER8USBSetup
                0x0000000000004e24       0x24 ./core.a(PluggableUSB.cpp.o)
                0x0000000000004e24                PluggableUSB_::setup(USBSetup&)
 .text._Z12PluggableUSBv
                0x0000000000004e48       0x24 ./core.a(PluggableUSB.cpp.o)
                0x0000000000004e48                PluggableUSB()
 .text._ZN7Serial_17availableForWriteEv
                0x0000000000004e6c        0x4 ./core.a(CDC.cpp.o)
                0x0000000000004e6c                Serial_::availableForWrite()
 .text._ZN7Serial_5writeEh
                0x0000000000004e70       0x14 ./core.a(CDC.cpp.o)
                0x0000000000004e70                Serial_::write(unsigned char)
 .text._ZN7Serial_9availableEv
                0x0000000000004e84        0xc ./core.a(CDC.cpp.o)
                0x0000000000004e84                Serial_::available()
 .text._ZN7Serial_5flushEv
                0x0000000000004e90        0xc ./core.a(CDC.cpp.o)
                0x0000000000004e90                Serial_::flush()
 .text._ZN7Serial_5writeEPKhj
                0x0000000000004e9c       0x1c ./core.a(CDC.cpp.o)
                0x0000000000004e9c                Serial_::write(unsigned char const*, unsigned int)
 .text._ZN7Serial_4peekEv
                0x0000000000004eb8       0x1c ./core.a(CDC.cpp.o)
                0x0000000000004eb8                Serial_::peek()
 .text._ZN7Serial_4readEv
                0x0000000000004ed4       0x24 ./core.a(CDC.cpp.o)
                0x0000000000004ed4                Serial_::read()
 .text._Z16CDC_GetInterfacePh
                0x0000000000004ef8       0x1c ./core.a(CDC.cpp.o)
                0x0000000000004ef8                CDC_GetInterface(unsigned char*)
 .text._Z9CDC_SetupR8USBSetup
                0x0000000000004f14       0x80 ./core.a(CDC.cpp.o)
                0x0000000000004f14                CDC_Setup(USBSetup&)
 .text.startup._GLOBAL__sub_I__Z17_CDC_GetInterfacev
                0x0000000000004f94       0x28 ./core.a(CDC.cpp.o)
 .text.__fpclassifyd
                0x0000000000004fbc       0x60 /Users/aryamirshafii/.arduinocdt/packages/arduino/tools/arm-none-eabi-gcc/4.8.3-2014q1/bin/../lib/gcc/arm-none-eabi/4.8.3/../../../../arm-none-eabi/lib/armv6-m/libm.a(lib_a-s_fpclassify.o)
                0x0000000000004fbc                __fpclassifyd
 .text          0x000000000000501c       0x14 /Users/aryamirshafii/.arduinocdt/packages/arduino/tools/arm-none-eabi-gcc/4.8.3-2014q1/bin/../lib/gcc/arm-none-eabi/4.8.3/armv6-m/libgcc.a(_thumb1_case_uqi.o)
                0x000000000000501c                __gnu_thumb1_case_uqi
 .text          0x0000000000005030       0x9c /Users/aryamirshafii/.arduinocdt/packages/arduino/tools/arm-none-eabi-gcc/4.8.3-2014q1/bin/../lib/gcc/arm-none-eabi/4.8.3/armv6-m/libgcc.a(_udivsi3.o)
                0x0000000000005030                __udivsi3
                0x0000000000005030                __aeabi_uidiv
                0x00000000000050b8                __aeabi_uidivmod
 .text          0x00000000000050cc        0x4 /Users/aryamirshafii/.arduinocdt/packages/arduino/tools/arm-none-eabi-gcc/4.8.3-2014q1/bin/../lib/gcc/arm-none-eabi/4.8.3/armv6-m/libgcc.a(_dvmd_tls.o)
                0x00000000000050cc                __aeabi_ldiv0
                0x00000000000050cc                __aeabi_idiv0
 .text          0x00000000000050d0       0x7c /Users/aryamirshafii/.arduinocdt/packages/arduino/tools/arm-none-eabi-gcc/4.8.3-2014q1/bin/../lib/gcc/arm-none-eabi/4.8.3/armv6-m/libgcc.a(_arm_cmpdf2.o)
                0x00000000000050d0                __aeabi_cdrcmple
                0x00000000000050e0                __aeabi_cdcmple
                0x00000000000050e0                __aeabi_cdcmpeq
                0x00000000000050f0                __aeabi_dcmpeq
                0x00000000000050fc                __aeabi_dcmplt
                0x0000000000005110                __aeabi_dcmple
                0x0000000000005124                __aeabi_dcmpgt
                0x0000000000005138                __aeabi_dcmpge
 .text          0x000000000000514c       0x74 /Users/aryamirshafii/.arduinocdt/packages/arduino/tools/arm-none-eabi-gcc/4.8.3-2014q1/bin/../lib/gcc/arm-none-eabi/4.8.3/armv6-m/libgcc.a(_arm_cmpsf2.o)
                0x000000000000514c                __aeabi_cfrcmple
                0x0000000000005154                __aeabi_cfcmple
                0x0000000000005154                __aeabi_cfcmpeq
                0x0000000000005164                __aeabi_fcmpeq
                0x0000000000005170                __aeabi_fcmplt
                0x0000000000005184                __aeabi_fcmple
                0x0000000000005198                __aeabi_fcmpgt
                0x00000000000051ac                __aeabi_fcmpge
 .text          0x00000000000051c0       0x40 /Users/aryamirshafii/.arduinocdt/packages/arduino/tools/arm-none-eabi-gcc/4.8.3-2014q1/bin/../lib/gcc/arm-none-eabi/4.8.3/armv6-m/libgcc.a(_fixunsdfsi.o)
                0x00000000000051c0                __fixunsdfsi
                0x00000000000051c0                __aeabi_d2uiz
 .text          0x0000000000005200       0x54 /Users/aryamirshafii/.arduinocdt/packages/arduino/tools/arm-none-eabi-gcc/4.8.3-2014q1/bin/../lib/gcc/arm-none-eabi/4.8.3/armv6-m/libgcc.a(eqsf2.o)
                0x0000000000005200                __nesf2
                0x0000000000005200                __eqsf2
 .text          0x0000000000005254       0x90 /Users/aryamirshafii/.arduinocdt/packages/arduino/tools/arm-none-eabi-gcc/4.8.3-2014q1/bin/../lib/gcc/arm-none-eabi/4.8.3/armv6-m/libgcc.a(gesf2.o)
                0x0000000000005254                __gtsf2
                0x0000000000005254                __gesf2
 .text          0x00000000000052e4       0x98 /Users/aryamirshafii/.arduinocdt/packages/arduino/tools/arm-none-eabi-gcc/4.8.3-2014q1/bin/../lib/gcc/arm-none-eabi/4.8.3/armv6-m/libgcc.a(lesf2.o)
                0x00000000000052e4                __lesf2
                0x00000000000052e4                __ltsf2
 .text          0x000000000000537c       0xa0 /Users/aryamirshafii/.arduinocdt/packages/arduino/tools/arm-none-eabi-gcc/4.8.3-2014q1/bin/../lib/gcc/arm-none-eabi/4.8.3/armv6-m/libgcc.a(floatunsisf.o)
                0x000000000000537c                __aeabi_ui2f
 .text          0x000000000000541c      0x638 /Users/aryamirshafii/.arduinocdt/packages/arduino/tools/arm-none-eabi-gcc/4.8.3-2014q1/bin/../lib/gcc/arm-none-eabi/4.8.3/armv6-m/libgcc.a(adddf3.o)
                0x000000000000541c                __aeabi_dadd
 .text          0x0000000000005a54      0x648 /Users/aryamirshafii/.arduinocdt/packages/arduino/tools/arm-none-eabi-gcc/4.8.3-2014q1/bin/../lib/gcc/arm-none-eabi/4.8.3/armv6-m/libgcc.a(divdf3.o)
                0x0000000000005a54                __aeabi_ddiv
 .text          0x000000000000609c       0x94 /Users/aryamirshafii/.arduinocdt/packages/arduino/tools/arm-none-eabi-gcc/4.8.3-2014q1/bin/../lib/gcc/arm-none-eabi/4.8.3/armv6-m/libgcc.a(eqdf2.o)
                0x000000000000609c                __eqdf2
                0x000000000000609c                __nedf2
 .text          0x0000000000006130       0xfc /Users/aryamirshafii/.arduinocdt/packages/arduino/tools/arm-none-eabi-gcc/4.8.3-2014q1/bin/../lib/gcc/arm-none-eabi/4.8.3/armv6-m/libgcc.a(gedf2.o)
                0x0000000000006130                __gtdf2
                0x0000000000006130                __gedf2
 .text          0x000000000000622c       0xfc /Users/aryamirshafii/.arduinocdt/packages/arduino/tools/arm-none-eabi-gcc/4.8.3-2014q1/bin/../lib/gcc/arm-none-eabi/4.8.3/armv6-m/libgcc.a(ledf2.o)
                0x000000000000622c                __ltdf2
                0x000000000000622c                __ledf2
 .text          0x0000000000006328      0x520 /Users/aryamirshafii/.arduinocdt/packages/arduino/tools/arm-none-eabi-gcc/4.8.3-2014q1/bin/../lib/gcc/arm-none-eabi/4.8.3/armv6-m/libgcc.a(muldf3.o)
                0x0000000000006328                __aeabi_dmul
 .text          0x0000000000006848      0x654 /Users/aryamirshafii/.arduinocdt/packages/arduino/tools/arm-none-eabi-gcc/4.8.3-2014q1/bin/../lib/gcc/arm-none-eabi/4.8.3/armv6-m/libgcc.a(subdf3.o)
                0x0000000000006848                __aeabi_dsub
 .text          0x0000000000006e9c       0x68 /Users/aryamirshafii/.arduinocdt/packages/arduino/tools/arm-none-eabi-gcc/4.8.3-2014q1/bin/../lib/gcc/arm-none-eabi/4.8.3/armv6-m/libgcc.a(fixdfsi.o)
                0x0000000000006e9c                __aeabi_d2iz
 .text          0x0000000000006f04       0x68 /Users/aryamirshafii/.arduinocdt/packages/arduino/tools/arm-none-eabi-gcc/4.8.3-2014q1/bin/../lib/gcc/arm-none-eabi/4.8.3/armv6-m/libgcc.a(floatunsidf.o)
                0x0000000000006f04                __aeabi_ui2d
 .text          0x0000000000006f6c       0xa4 /Users/aryamirshafii/.arduinocdt/packages/arduino/tools/arm-none-eabi-gcc/4.8.3-2014q1/bin/../lib/gcc/arm-none-eabi/4.8.3/armv6-m/libgcc.a(extendsfdf2.o)
                0x0000000000006f6c                __aeabi_f2d
 .text          0x0000000000007010       0x3c /Users/aryamirshafii/.arduinocdt/packages/arduino/tools/arm-none-eabi-gcc/4.8.3-2014q1/bin/../lib/gcc/arm-none-eabi/4.8.3/armv6-m/libgcc.a(_clzsi2.o)
                0x0000000000007010                __clzsi2
 .text.__aeabi_atexit
                0x000000000000704c        0xe /Users/aryamirshafii/.arduinocdt/packages/arduino/tools/arm-none-eabi-gcc/4.8.3-2014q1/bin/../lib/gcc/arm-none-eabi/4.8.3/../../../../arm-none-eabi/lib/armv6-m/libc_s.a(lib_a-aeabi_atexit.o)
                0x000000000000704c                __aeabi_atexit
 *fill*         0x000000000000705a        0x2 
 .text.__cxa_atexit
                0x000000000000705c       0x20 /Users/aryamirshafii/.arduinocdt/packages/arduino/tools/arm-none-eabi-gcc/4.8.3-2014q1/bin/../lib/gcc/arm-none-eabi/4.8.3/../../../../arm-none-eabi/lib/armv6-m/libc_s.a(lib_a-cxa_atexit.o)
                0x000000000000705c                __cxa_atexit
 .text.__libc_init_array
                0x000000000000707c       0x4c /Users/aryamirshafii/.arduinocdt/packages/arduino/tools/arm-none-eabi-gcc/4.8.3-2014q1/bin/../lib/gcc/arm-none-eabi/4.8.3/../../../../arm-none-eabi/lib/armv6-m/libc_s.a(lib_a-init.o)
                0x000000000000707c                __libc_init_array
 .text.malloc   0x00000000000070c8       0x14 /Users/aryamirshafii/.arduinocdt/packages/arduino/tools/arm-none-eabi-gcc/4.8.3-2014q1/bin/../lib/gcc/arm-none-eabi/4.8.3/../../../../arm-none-eabi/lib/armv6-m/libc_s.a(lib_a-malloc.o)
                0x00000000000070c8                malloc
 .text.memcpy   0x00000000000070dc       0x12 /Users/aryamirshafii/.arduinocdt/packages/arduino/tools/arm-none-eabi-gcc/4.8.3-2014q1/bin/../lib/gcc/arm-none-eabi/4.8.3/../../../../arm-none-eabi/lib/armv6-m/libc_s.a(lib_a-memcpy-stub.o)
                0x00000000000070dc                memcpy
 .text.memset   0x00000000000070ee       0x10 /Users/aryamirshafii/.arduinocdt/packages/arduino/tools/arm-none-eabi-gcc/4.8.3-2014q1/bin/../lib/gcc/arm-none-eabi/4.8.3/../../../../arm-none-eabi/lib/armv6-m/libc_s.a(lib_a-memset.o)
                0x00000000000070ee                memset
 *fill*         0x00000000000070fe        0x2 
 .text._malloc_r
                0x0000000000007100       0xa8 /Users/aryamirshafii/.arduinocdt/packages/arduino/tools/arm-none-eabi-gcc/4.8.3-2014q1/bin/../lib/gcc/arm-none-eabi/4.8.3/../../../../arm-none-eabi/lib/armv6-m/libc_s.a(lib_a-nano-mallocr.o)
                0x0000000000007100                _malloc_r
 .text._sbrk_r  0x00000000000071a8       0x24 /Users/aryamirshafii/.arduinocdt/packages/arduino/tools/arm-none-eabi-gcc/4.8.3-2014q1/bin/../lib/gcc/arm-none-eabi/4.8.3/../../../../arm-none-eabi/lib/armv6-m/libc_s.a(lib_a-sbrkr.o)
                0x00000000000071a8                _sbrk_r
 .text.strlen   0x00000000000071cc        0xe /Users/aryamirshafii/.arduinocdt/packages/arduino/tools/arm-none-eabi-gcc/4.8.3-2014q1/bin/../lib/gcc/arm-none-eabi/4.8.3/../../../../arm-none-eabi/lib/armv6-m/libc_s.a(lib_a-strlen.o)
                0x00000000000071cc                strlen
 *fill*         0x00000000000071da        0x2 
 .text._sbrk    0x00000000000071dc       0x34 /Users/aryamirshafii/.arduinocdt/packages/arduino/tools/arm-none-eabi-gcc/4.8.3-2014q1/bin/../lib/gcc/arm-none-eabi/4.8.3/../../../../arm-none-eabi/lib/armv6-m/libnosys.a(sbrk.o)
                0x00000000000071dc                _sbrk
 *(.init)
 .init          0x0000000000007210        0x4 /Users/aryamirshafii/.arduinocdt/packages/arduino/tools/arm-none-eabi-gcc/4.8.3-2014q1/bin/../lib/gcc/arm-none-eabi/4.8.3/armv6-m/crti.o
                0x0000000000007210                _init
 .init          0x0000000000007214        0x8 /Users/aryamirshafii/.arduinocdt/packages/arduino/tools/arm-none-eabi-gcc/4.8.3-2014q1/bin/../lib/gcc/arm-none-eabi/4.8.3/armv6-m/crtn.o
 *(.fini)
 .fini          0x000000000000721c        0x4 /Users/aryamirshafii/.arduinocdt/packages/arduino/tools/arm-none-eabi-gcc/4.8.3-2014q1/bin/../lib/gcc/arm-none-eabi/4.8.3/armv6-m/crti.o
                0x000000000000721c                _fini
 .fini          0x0000000000007220        0x8 /Users/aryamirshafii/.arduinocdt/packages/arduino/tools/arm-none-eabi-gcc/4.8.3-2014q1/bin/../lib/gcc/arm-none-eabi/4.8.3/armv6-m/crtn.o
 *crtbegin.o(.ctors)
 *crtbegin?.o(.ctors)
 *(EXCLUDE_FILE(*crtend.o *crtend?.o) .ctors)
 *(SORT(.ctors.*))
 *(.ctors)
 *crtbegin.o(.dtors)
 *crtbegin?.o(.dtors)
 *(EXCLUDE_FILE(*crtend.o *crtend?.o) .dtors)
 *(SORT(.dtors.*))
 *(.dtors)
 *(.rodata*)
 .rodata._ZTV13LiquidCrystal
                0x0000000000007228       0x18 project/LiquidCrystal.cpp.o
                0x0000000000007228                vtable for LiquidCrystal
 .rodata._ZTV14SoftwareSerial
                0x0000000000007240       0x28 project/SoftwareSerial.cpp.o
                0x0000000000007240                vtable for SoftwareSerial
 .rodata.str1.1
                0x0000000000007268       0x85 project/fall2018HearingCarMainCode.cpp.o
 .rodata.str1.1
                0x00000000000072ed        0xf ./core.a(Print.cpp.o)
 *fill*         0x00000000000072fc        0x4 
 .rodata._ZTV4Uart
                0x0000000000007300       0x38 ./core.a(Uart.cpp.o)
                0x0000000000007300                vtable for Uart
 .rodata.g_APinDescription
                0x0000000000007338      0x420 ./core.a(variant.cpp.o)
                0x0000000000007338                g_APinDescription
 .rodata._ZTV26DoubleBufferedEPOutHandler
                0x0000000000007758       0x18 ./core.a(USBCore.cpp.o)
                0x0000000000007758                vtable for DoubleBufferedEPOutHandler
 .rodata._ZL19STRING_MANUFACTURER
                0x0000000000007770        0xc ./core.a(USBCore.cpp.o)
 .rodata._ZL15STRING_LANGUAGE
                0x000000000000777c        0x4 ./core.a(USBCore.cpp.o)
 .rodata._ZL21USB_DeviceDescriptorB
                0x0000000000007780       0x12 ./core.a(USBCore.cpp.o)
 .rodata._ZL14STRING_PRODUCT
                0x0000000000007792        0xd ./core.a(USBCore.cpp.o)
 *fill*         0x000000000000779f        0x1 
 .rodata._ZTV7Serial_
                0x00000000000077a0       0x28 ./core.a(CDC.cpp.o)
                0x00000000000077a0                vtable for Serial_
 .rodata        0x00000000000077c8       0x40 /Users/aryamirshafii/.arduinocdt/packages/arduino/tools/arm-none-eabi-gcc/4.8.3-2014q1/bin/../lib/gcc/arm-none-eabi/4.8.3/armv6-m/libgcc.a(divdf3.o)
 .rodata        0x0000000000007808       0x40 /Users/aryamirshafii/.arduinocdt/packages/arduino/tools/arm-none-eabi-gcc/4.8.3-2014q1/bin/../lib/gcc/arm-none-eabi/4.8.3/armv6-m/libgcc.a(muldf3.o)
 .rodata.str1.1
                0x0000000000007848        0x2 /Users/aryamirshafii/.arduinocdt/packages/arduino/tools/arm-none-eabi-gcc/4.8.3-2014q1/bin/../lib/gcc/arm-none-eabi/4.8.3/../../../../arm-none-eabi/lib/armv6-m/libc_s.a(lib_a-impure.o)
 *(.eh_frame*)
 *fill*         0x000000000000784a        0x2 
 .eh_frame      0x000000000000784c        0x0 /Users/aryamirshafii/.arduinocdt/packages/arduino/tools/arm-none-eabi-gcc/4.8.3-2014q1/bin/../lib/gcc/arm-none-eabi/4.8.3/armv6-m/crtbegin.o
 .eh_frame      0x000000000000784c        0x4 /Users/aryamirshafii/.arduinocdt/packages/arduino/tools/arm-none-eabi-gcc/4.8.3-2014q1/bin/../lib/gcc/arm-none-eabi/4.8.3/armv6-m/crtend.o

.glue_7         0x0000000000007850        0x0
 .glue_7        0x0000000000000000        0x0 linker stubs

.glue_7t        0x0000000000007850        0x0
 .glue_7t       0x0000000000000000        0x0 linker stubs

.vfp11_veneer   0x0000000000007850        0x0
 .vfp11_veneer  0x0000000000000000        0x0 linker stubs

.v4_bx          0x0000000000007850        0x0
 .v4_bx         0x0000000000000000        0x0 linker stubs

.iplt           0x0000000000007850        0x0
 .iplt          0x0000000000000000        0x0 /Users/aryamirshafii/.arduinocdt/packages/arduino/tools/arm-none-eabi-gcc/4.8.3-2014q1/bin/../lib/gcc/arm-none-eabi/4.8.3/armv6-m/crtbegin.o

.rel.dyn        0x0000000000007850        0x0
 .rel.iplt      0x0000000000000000        0x0 /Users/aryamirshafii/.arduinocdt/packages/arduino/tools/arm-none-eabi-gcc/4.8.3-2014q1/bin/../lib/gcc/arm-none-eabi/4.8.3/armv6-m/crtbegin.o

.ARM.extab
 *(.ARM.extab* .gnu.linkonce.armextab.*)
                0x0000000000007850                __exidx_start = .

.ARM.exidx
 *(.ARM.exidx* .gnu.linkonce.armexidx.*)
                0x0000000000007850                __exidx_end = .
                0x0000000000007850                __etext = .

.data           0x0000000020000000      0x120 load address 0x0000000000007850
                0x0000000020000000                __data_start__ = .
 *(vtable)
 *(.data*)
 .data          0x0000000020000000        0x4 /Users/aryamirshafii/.arduinocdt/packages/arduino/tools/arm-none-eabi-gcc/4.8.3-2014q1/bin/../lib/gcc/arm-none-eabi/4.8.3/armv6-m/crtbegin.o
                0x0000000020000000                __dso_handle
 .data.rightPin
                0x0000000020000004        0x4 project/fall2018HearingCarMainCode.cpp.o
                0x0000000020000004                rightPin
 .data.frequencyPin
                0x0000000020000008        0x4 project/fall2018HearingCarMainCode.cpp.o
                0x0000000020000008                frequencyPin
 .data.leftPin  0x000000002000000c        0x4 project/fall2018HearingCarMainCode.cpp.o
                0x000000002000000c                leftPin
 .data.SystemCoreClock
                0x0000000020000010        0x4 ./core.a(wiring.c.o)
                0x0000000020000010                SystemCoreClock
 .data._ADCResolution
                0x0000000020000014        0x4 ./core.a(wiring_analog.c.o)
 .data._readResolution
                0x0000000020000018        0x4 ./core.a(wiring_analog.c.o)
 .data.EndPoints
                0x000000002000001c       0x28 ./core.a(USBCore.cpp.o)
                0x000000002000001c                EndPoints
 .data._ZL5ticks
                0x0000000020000044        0x4 ./core.a(Reset.cpp.o)
 .data._ZL12_usbLineInfo
                0x0000000020000048        0x8 ./core.a(CDC.cpp.o)
 .data._ZL10breakValue
                0x0000000020000050        0x4 ./core.a(CDC.cpp.o)
 .data._ZL13_cdcInterface
                0x0000000020000054       0x42 ./core.a(CDC.cpp.o)
 *fill*         0x0000000020000096        0x2 
 .data._serialPeek
                0x0000000020000098        0x4 ./core.a(CDC.cpp.o)
                0x0000000020000098                _serialPeek
 .data.impure_data
                0x000000002000009c       0x60 /Users/aryamirshafii/.arduinocdt/packages/arduino/tools/arm-none-eabi-gcc/4.8.3-2014q1/bin/../lib/gcc/arm-none-eabi/4.8.3/../../../../arm-none-eabi/lib/armv6-m/libc_s.a(lib_a-impure.o)
 .data._impure_ptr
                0x00000000200000fc        0x4 /Users/aryamirshafii/.arduinocdt/packages/arduino/tools/arm-none-eabi-gcc/4.8.3-2014q1/bin/../lib/gcc/arm-none-eabi/4.8.3/../../../../arm-none-eabi/lib/armv6-m/libc_s.a(lib_a-impure.o)
                0x00000000200000fc                _impure_ptr
                0x0000000020000100                . = ALIGN (0x4)
                0x0000000020000100                PROVIDE (__preinit_array_start, .)
 *(.preinit_array)
                0x0000000020000100                PROVIDE (__preinit_array_end, .)
                0x0000000020000100                . = ALIGN (0x4)
                0x0000000020000100                PROVIDE (__init_array_start, .)
 *(SORT(.init_array.*))
 *(.init_array)
 .init_array    0x0000000020000100        0x4 /Users/aryamirshafii/.arduinocdt/packages/arduino/tools/arm-none-eabi-gcc/4.8.3-2014q1/bin/../lib/gcc/arm-none-eabi/4.8.3/armv6-m/crtbegin.o
 .init_array    0x0000000020000104        0x4 project/fall2018HearingCarMainCode.cpp.o
 .init_array    0x0000000020000108        0x4 ./core.a(variant.cpp.o)
 .init_array    0x000000002000010c        0x4 ./core.a(USBCore.cpp.o)
 .init_array    0x0000000020000110        0x4 ./core.a(CDC.cpp.o)
                0x0000000020000114                PROVIDE (__init_array_end, .)
                0x0000000020000114                . = ALIGN (0x4)
                0x0000000020000114                PROVIDE (__fini_array_start, .)
 *(SORT(.fini_array.*))
 *(.fini_array)
 .fini_array    0x0000000020000114        0x4 /Users/aryamirshafii/.arduinocdt/packages/arduino/tools/arm-none-eabi-gcc/4.8.3-2014q1/bin/../lib/gcc/arm-none-eabi/4.8.3/armv6-m/crtbegin.o
                0x0000000020000118                PROVIDE (__fini_array_end, .)
 *(.jcr*)
 .jcr           0x0000000020000118        0x0 /Users/aryamirshafii/.arduinocdt/packages/arduino/tools/arm-none-eabi-gcc/4.8.3-2014q1/bin/../lib/gcc/arm-none-eabi/4.8.3/armv6-m/crtbegin.o
 .jcr           0x0000000020000118        0x4 /Users/aryamirshafii/.arduinocdt/packages/arduino/tools/arm-none-eabi-gcc/4.8.3-2014q1/bin/../lib/gcc/arm-none-eabi/4.8.3/armv6-m/crtend.o
                0x0000000020000120                . = ALIGN (0x10)
 *fill*         0x000000002000011c        0x4 
                0x0000000020000120                __data_end__ = .

.igot.plt       0x0000000020000120        0x0 load address 0x0000000000007970
 .igot.plt      0x0000000000000000        0x0 /Users/aryamirshafii/.arduinocdt/packages/arduino/tools/arm-none-eabi-gcc/4.8.3-2014q1/bin/../lib/gcc/arm-none-eabi/4.8.3/armv6-m/crtbegin.o

.bss            0x0000000020000120      0x9d0 load address 0x0000000000007970
                0x0000000020000120                . = ALIGN (0x4)
                0x0000000020000120                __bss_start__ = .
 *(.bss*)
 .bss           0x0000000020000120       0x1c /Users/aryamirshafii/.arduinocdt/packages/arduino/tools/arm-none-eabi-gcc/4.8.3-2014q1/bin/../lib/gcc/arm-none-eabi/4.8.3/armv6-m/crtbegin.o
 .bss._ZL8maxSlope
                0x000000002000013c        0x4 project/AudioFrequencyMeter.cpp.o
 .bss._ZL7newData
                0x0000000020000140        0x4 project/AudioFrequencyMeter.cpp.o
 .bss._ZL10totalTimer
                0x0000000020000144        0x4 project/AudioFrequencyMeter.cpp.o
 .bss._ZL4time  0x0000000020000148        0x4 project/AudioFrequencyMeter.cpp.o
 .bss._ZL5slope
                0x000000002000014c       0x50 project/AudioFrequencyMeter.cpp.o
 .bss._ZL15newMaxAmplitude
                0x000000002000019c        0x4 project/AudioFrequencyMeter.cpp.o
 .bss._ZL5timer
                0x00000000200001a0       0x50 project/AudioFrequencyMeter.cpp.o
 .bss._ZL14timerTolerance
                0x00000000200001f0        0x4 project/AudioFrequencyMeter.cpp.o
 .bss._ZL11clippingPin
                0x00000000200001f4        0x4 project/AudioFrequencyMeter.cpp.o
 .bss._ZL11checkMaxAmp
                0x00000000200001f8        0x4 project/AudioFrequencyMeter.cpp.o
 .bss._ZL6period
                0x00000000200001fc        0x4 project/AudioFrequencyMeter.cpp.o
 .bss._ZL14slopeTolerance
                0x0000000020000200        0x4 project/AudioFrequencyMeter.cpp.o
 .bss._ZL10arrayIndex
                0x0000000020000204        0x4 project/AudioFrequencyMeter.cpp.o
 .bss._ZL8prevData
                0x0000000020000208        0x4 project/AudioFrequencyMeter.cpp.o
 .bss._ZL8newSlope
                0x000000002000020c        0x4 project/AudioFrequencyMeter.cpp.o
 .bss._ZL14amplitudeTimer
                0x0000000020000210        0x4 project/AudioFrequencyMeter.cpp.o
 .bss._ZL7noMatch
                0x0000000020000214        0x4 project/AudioFrequencyMeter.cpp.o
 .bss._ZL12maxAmplitude
                0x0000000020000218        0x4 project/AudioFrequencyMeter.cpp.o
 .bss._ZL8clipping
                0x000000002000021c        0x1 project/AudioFrequencyMeter.cpp.o
 *fill*         0x000000002000021d        0x3 
 .bss._ZN14SoftwareSerial13active_objectE
                0x0000000020000220        0x4 project/SoftwareSerial.cpp.o
                0x0000000020000220                SoftwareSerial::active_object
 .bss._ZN14SoftwareSerial20_receive_buffer_headE
                0x0000000020000224        0x1 project/SoftwareSerial.cpp.o
                0x0000000020000224                SoftwareSerial::_receive_buffer_head
 .bss._ZN14SoftwareSerial15_receive_bufferE
                0x0000000020000225       0x40 project/SoftwareSerial.cpp.o
                0x0000000020000225                SoftwareSerial::_receive_buffer
 .bss._ZN14SoftwareSerial20_receive_buffer_tailE
                0x0000000020000265        0x1 project/SoftwareSerial.cpp.o
                0x0000000020000265                SoftwareSerial::_receive_buffer_tail
 *fill*         0x0000000020000266        0x2 
 .bss.leftSound
                0x0000000020000268        0x4 project/fall2018HearingCarMainCode.cpp.o
                0x0000000020000268                leftSound
 .bss.frequency
                0x000000002000026c        0x4 project/fall2018HearingCarMainCode.cpp.o
                0x000000002000026c                frequency
 .bss.meter     0x0000000020000270       0x14 project/fall2018HearingCarMainCode.cpp.o
                0x0000000020000270                meter
 .bss.mySerial  0x0000000020000284       0x30 project/fall2018HearingCarMainCode.cpp.o
                0x0000000020000284                mySerial
 .bss.rightSound
                0x00000000200002b4        0x4 project/fall2018HearingCarMainCode.cpp.o
                0x00000000200002b4                rightSound
 .bss.lcd       0x00000000200002b8       0x1c project/fall2018HearingCarMainCode.cpp.o
                0x00000000200002b8                lcd
 .bss.usb_isr   0x00000000200002d4        0x4 ./core.a(cortex_handlers.c.o)
 .bss.ISRcallback
                0x00000000200002d8       0x44 ./core.a(WInterrupts.c.o)
 .bss.ISRlist   0x000000002000031c       0x44 ./core.a(WInterrupts.c.o)
 .bss.nints     0x0000000020000360        0x4 ./core.a(WInterrupts.c.o)
 .bss.Serial    0x0000000020000364       0xbc ./core.a(variant.cpp.o)
                0x0000000020000364                Serial
 .bss.Serial1   0x0000000020000420       0xbc ./core.a(variant.cpp.o)
                0x0000000020000420                Serial1
 .bss.sercom3   0x00000000200004dc        0x4 ./core.a(variant.cpp.o)
                0x00000000200004dc                sercom3
 .bss.sercom0   0x00000000200004e0        0x4 ./core.a(variant.cpp.o)
                0x00000000200004e0                sercom0
 .bss.sercom1   0x00000000200004e4        0x4 ./core.a(variant.cpp.o)
                0x00000000200004e4                sercom1
 .bss.sercom2   0x00000000200004e8        0x4 ./core.a(variant.cpp.o)
                0x00000000200004e8                sercom2
 .bss.sercom4   0x00000000200004ec        0x4 ./core.a(variant.cpp.o)
                0x00000000200004ec                sercom4
 .bss.sercom5   0x00000000200004f0        0x4 ./core.a(variant.cpp.o)
                0x00000000200004f0                sercom5
 .bss._ulTickCount
                0x00000000200004f4        0x4 ./core.a(delay.c.o)
 .bss._ZL14isEndpointHalt
                0x00000000200004f8        0x1 ./core.a(USBCore.cpp.o)
 .bss._pack_buffer
                0x00000000200004f9      0x100 ./core.a(USBCore.cpp.o)
                0x00000000200004f9                _pack_buffer
 *fill*         0x00000000200005f9        0x1 
 .bss._pack_size
                0x00000000200005fa        0x2 ./core.a(USBCore.cpp.o)
                0x00000000200005fa                _pack_size
 .bss._ZL20LastTransmitTimedOut
                0x00000000200005fc        0x7 ./core.a(USBCore.cpp.o)
 *fill*         0x0000000020000603        0x1 
 .bss._ZL22udd_ep_in_cache_buffer
                0x0000000020000604      0x1c0 ./core.a(USBCore.cpp.o)
 .bss._ZL10txLEDPulse
                0x00000000200007c4        0x1 ./core.a(USBCore.cpp.o)
 *fill*         0x00000000200007c5        0x3 
 .bss._ZL23udd_ep_out_cache_buffer
                0x00000000200007c8      0x1c0 ./core.a(USBCore.cpp.o)
 .bss._ZL10epHandlers
                0x0000000020000988       0x1c ./core.a(USBCore.cpp.o)
 .bss._pack_message
                0x00000000200009a4        0x1 ./core.a(USBCore.cpp.o)
                0x00000000200009a4                _pack_message
 .bss._ZL21isRemoteWakeUpEnabled
                0x00000000200009a5        0x1 ./core.a(USBCore.cpp.o)
 .bss._dry_run  0x00000000200009a6        0x1 ./core.a(USBCore.cpp.o)
                0x00000000200009a6                _dry_run
 .bss.USBDevice
                0x00000000200009a7        0x1 ./core.a(USBCore.cpp.o)
                0x00000000200009a7                USBDevice
 .bss._usbSetInterface
                0x00000000200009a8        0x4 ./core.a(USBCore.cpp.o)
                0x00000000200009a8                _usbSetInterface
 .bss._ZL10rxLEDPulse
                0x00000000200009ac        0x1 ./core.a(USBCore.cpp.o)
 *fill*         0x00000000200009ad        0x3 
 .bss.usbd      0x00000000200009b0      0x104 ./core.a(USBCore.cpp.o)
                0x00000000200009b0                usbd
 .bss._usbConfiguration
                0x0000000020000ab4        0x4 ./core.a(USBCore.cpp.o)
                0x0000000020000ab4                _usbConfiguration
 .bss._ZZ12PluggableUSBvE3obj
                0x0000000020000ab8        0x8 ./core.a(PluggableUSB.cpp.o)
 .bss._ZGVZ12PluggableUSBvE3obj
                0x0000000020000ac0        0x4 ./core.a(PluggableUSB.cpp.o)
 .bss.SerialUSB
                0x0000000020000ac4       0x1c ./core.a(CDC.cpp.o)
                0x0000000020000ac4                SerialUSB
 .bss.__malloc_sbrk_start
                0x0000000020000ae0        0x4 /Users/aryamirshafii/.arduinocdt/packages/arduino/tools/arm-none-eabi-gcc/4.8.3-2014q1/bin/../lib/gcc/arm-none-eabi/4.8.3/../../../../arm-none-eabi/lib/armv6-m/libc_s.a(lib_a-nano-mallocr.o)
                0x0000000020000ae0                __malloc_sbrk_start
 .bss.__malloc_free_list
                0x0000000020000ae4        0x4 /Users/aryamirshafii/.arduinocdt/packages/arduino/tools/arm-none-eabi-gcc/4.8.3-2014q1/bin/../lib/gcc/arm-none-eabi/4.8.3/../../../../arm-none-eabi/lib/armv6-m/libc_s.a(lib_a-nano-mallocr.o)
                0x0000000020000ae4                __malloc_free_list
 .bss.heap_end.4243
                0x0000000020000ae8        0x4 /Users/aryamirshafii/.arduinocdt/packages/arduino/tools/arm-none-eabi-gcc/4.8.3-2014q1/bin/../lib/gcc/arm-none-eabi/4.8.3/../../../../arm-none-eabi/lib/armv6-m/libnosys.a(sbrk.o)
 *(COMMON)
 COMMON         0x0000000020000aec        0x4 /Users/aryamirshafii/.arduinocdt/packages/arduino/tools/arm-none-eabi-gcc/4.8.3-2014q1/bin/../lib/gcc/arm-none-eabi/4.8.3/../../../../arm-none-eabi/lib/armv6-m/libc_s.a(lib_a-reent.o)
                0x0000000020000aec                errno
                0x0000000020000af0                . = ALIGN (0x4)
                0x0000000020000af0                __bss_end__ = .

.heap           0x0000000020000af0        0x0
                0x0000000020000af0                __end__ = .
                0x0000000020000af0                PROVIDE (end, .)
 *(.heap*)
                0x0000000020000af0                __HeapLimit = .

.stack_dummy    0x0000000020000af0        0x0
 *(.stack*)
                0x0000000020008000                __StackTop = (ORIGIN (RAM) + 0x8000)
                0x0000000020008000                __StackLimit = (__StackTop - SIZEOF (.stack_dummy))
                0x0000000020008000                PROVIDE (__stack, __StackTop)
                0x0000000020007fff                __ram_end__ = ((ORIGIN (RAM) + 0x8000) - 0x1)
                0x0000000000000001                ASSERT ((__StackLimit >= __HeapLimit), region RAM overflowed with stack)
OUTPUT(./fall2018HearingCarMainCode.elf elf32-littlearm)

.ARM.attributes
                0x0000000000000000       0x28
 .ARM.attributes
                0x0000000000000000       0x1e /Users/aryamirshafii/.arduinocdt/packages/arduino/tools/arm-none-eabi-gcc/4.8.3-2014q1/bin/../lib/gcc/arm-none-eabi/4.8.3/armv6-m/crti.o
 .ARM.attributes
                0x000000000000001e       0x2c /Users/aryamirshafii/.arduinocdt/packages/arduino/tools/arm-none-eabi-gcc/4.8.3-2014q1/bin/../lib/gcc/arm-none-eabi/4.8.3/armv6-m/crtbegin.o
 .ARM.attributes
                0x000000000000004a       0x32 project/AudioFrequencyMeter.cpp.o
 .ARM.attributes
                0x000000000000007c       0x32 project/LiquidCrystal.cpp.o
 .ARM.attributes
                0x00000000000000ae       0x32 project/SoftwareSerial.cpp.o
 .ARM.attributes
                0x00000000000000e0       0x32 project/fall2018HearingCarMainCode.cpp.o
 .ARM.attributes
                0x0000000000000112       0x32 ./core.a(wiring.c.o)
 .ARM.attributes
                0x0000000000000144       0x32 ./core.a(wiring_digital.c.o)
 .ARM.attributes
                0x0000000000000176       0x32 ./core.a(Print.cpp.o)
 .ARM.attributes
                0x00000000000001a8       0x32 ./core.a(cortex_handlers.c.o)
 .ARM.attributes
                0x00000000000001da       0x32 ./core.a(wiring_private.c.o)
 .ARM.attributes
                0x000000000000020c       0x32 ./core.a(hooks.c.o)
 .ARM.attributes
                0x000000000000023e       0x32 ./core.a(WInterrupts.c.o)
 .ARM.attributes
                0x0000000000000270       0x32 ./core.a(Uart.cpp.o)
 .ARM.attributes
                0x00000000000002a2       0x32 ./core.a(wiring_analog.c.o)
 .ARM.attributes
                0x00000000000002d4       0x32 ./core.a(main.cpp.o)
 .ARM.attributes
                0x0000000000000306       0x32 ./core.a(startup.c.o)
 .ARM.attributes
                0x0000000000000338       0x32 ./core.a(variant.cpp.o)
 .ARM.attributes
                0x000000000000036a       0x32 ./core.a(delay.c.o)
 .ARM.attributes
                0x000000000000039c       0x32 ./core.a(USBCore.cpp.o)
 .ARM.attributes
                0x00000000000003ce       0x32 ./core.a(SERCOM.cpp.o)
 .ARM.attributes
                0x0000000000000400       0x32 ./core.a(Reset.cpp.o)
 .ARM.attributes
                0x0000000000000432       0x32 ./core.a(new.cpp.o)
 .ARM.attributes
                0x0000000000000464       0x32 ./core.a(PluggableUSB.cpp.o)
 .ARM.attributes
                0x0000000000000496       0x32 ./core.a(CDC.cpp.o)
 .ARM.attributes
                0x00000000000004c8       0x2c /Users/aryamirshafii/.arduinocdt/packages/arduino/tools/arm-none-eabi-gcc/4.8.3-2014q1/bin/../lib/gcc/arm-none-eabi/4.8.3/../../../../arm-none-eabi/lib/armv6-m/libm.a(lib_a-s_fpclassify.o)
 .ARM.attributes
                0x00000000000004f4       0x1e /Users/aryamirshafii/.arduinocdt/packages/arduino/tools/arm-none-eabi-gcc/4.8.3-2014q1/bin/../lib/gcc/arm-none-eabi/4.8.3/armv6-m/libgcc.a(_thumb1_case_uqi.o)
 .ARM.attributes
                0x0000000000000512       0x1e /Users/aryamirshafii/.arduinocdt/packages/arduino/tools/arm-none-eabi-gcc/4.8.3-2014q1/bin/../lib/gcc/arm-none-eabi/4.8.3/armv6-m/libgcc.a(_udivsi3.o)
 .ARM.attributes
                0x0000000000000530       0x1e /Users/aryamirshafii/.arduinocdt/packages/arduino/tools/arm-none-eabi-gcc/4.8.3-2014q1/bin/../lib/gcc/arm-none-eabi/4.8.3/armv6-m/libgcc.a(_dvmd_tls.o)
 .ARM.attributes
                0x000000000000054e       0x1e /Users/aryamirshafii/.arduinocdt/packages/arduino/tools/arm-none-eabi-gcc/4.8.3-2014q1/bin/../lib/gcc/arm-none-eabi/4.8.3/armv6-m/libgcc.a(_arm_cmpdf2.o)
 .ARM.attributes
                0x000000000000056c       0x1e /Users/aryamirshafii/.arduinocdt/packages/arduino/tools/arm-none-eabi-gcc/4.8.3-2014q1/bin/../lib/gcc/arm-none-eabi/4.8.3/armv6-m/libgcc.a(_arm_cmpsf2.o)
 .ARM.attributes
                0x000000000000058a       0x2c /Users/aryamirshafii/.arduinocdt/packages/arduino/tools/arm-none-eabi-gcc/4.8.3-2014q1/bin/../lib/gcc/arm-none-eabi/4.8.3/armv6-m/libgcc.a(_fixunsdfsi.o)
 .ARM.attributes
                0x00000000000005b6       0x2c /Users/aryamirshafii/.arduinocdt/packages/arduino/tools/arm-none-eabi-gcc/4.8.3-2014q1/bin/../lib/gcc/arm-none-eabi/4.8.3/armv6-m/libgcc.a(eqsf2.o)
 .ARM.attributes
                0x00000000000005e2       0x2c /Users/aryamirshafii/.arduinocdt/packages/arduino/tools/arm-none-eabi-gcc/4.8.3-2014q1/bin/../lib/gcc/arm-none-eabi/4.8.3/armv6-m/libgcc.a(gesf2.o)
 .ARM.attributes
                0x000000000000060e       0x2c /Users/aryamirshafii/.arduinocdt/packages/arduino/tools/arm-none-eabi-gcc/4.8.3-2014q1/bin/../lib/gcc/arm-none-eabi/4.8.3/armv6-m/libgcc.a(lesf2.o)
 .ARM.attributes
                0x000000000000063a       0x2c /Users/aryamirshafii/.arduinocdt/packages/arduino/tools/arm-none-eabi-gcc/4.8.3-2014q1/bin/../lib/gcc/arm-none-eabi/4.8.3/armv6-m/libgcc.a(floatunsisf.o)
 .ARM.attributes
                0x0000000000000666       0x2c /Users/aryamirshafii/.arduinocdt/packages/arduino/tools/arm-none-eabi-gcc/4.8.3-2014q1/bin/../lib/gcc/arm-none-eabi/4.8.3/armv6-m/libgcc.a(adddf3.o)
 .ARM.attributes
                0x0000000000000692       0x2c /Users/aryamirshafii/.arduinocdt/packages/arduino/tools/arm-none-eabi-gcc/4.8.3-2014q1/bin/../lib/gcc/arm-none-eabi/4.8.3/armv6-m/libgcc.a(divdf3.o)
 .ARM.attributes
                0x00000000000006be       0x2c /Users/aryamirshafii/.arduinocdt/packages/arduino/tools/arm-none-eabi-gcc/4.8.3-2014q1/bin/../lib/gcc/arm-none-eabi/4.8.3/armv6-m/libgcc.a(eqdf2.o)
 .ARM.attributes
                0x00000000000006ea       0x2c /Users/aryamirshafii/.arduinocdt/packages/arduino/tools/arm-none-eabi-gcc/4.8.3-2014q1/bin/../lib/gcc/arm-none-eabi/4.8.3/armv6-m/libgcc.a(gedf2.o)
 .ARM.attributes
                0x0000000000000716       0x2c /Users/aryamirshafii/.arduinocdt/packages/arduino/tools/arm-none-eabi-gcc/4.8.3-2014q1/bin/../lib/gcc/arm-none-eabi/4.8.3/armv6-m/libgcc.a(ledf2.o)
 .ARM.attributes
                0x0000000000000742       0x2c /Users/aryamirshafii/.arduinocdt/packages/arduino/tools/arm-none-eabi-gcc/4.8.3-2014q1/bin/../lib/gcc/arm-none-eabi/4.8.3/armv6-m/libgcc.a(muldf3.o)
 .ARM.attributes
                0x000000000000076e       0x2c /Users/aryamirshafii/.arduinocdt/packages/arduino/tools/arm-none-eabi-gcc/4.8.3-2014q1/bin/../lib/gcc/arm-none-eabi/4.8.3/armv6-m/libgcc.a(subdf3.o)
 .ARM.attributes
                0x000000000000079a       0x2c /Users/aryamirshafii/.arduinocdt/packages/arduino/tools/arm-none-eabi-gcc/4.8.3-2014q1/bin/../lib/gcc/arm-none-eabi/4.8.3/armv6-m/libgcc.a(fixdfsi.o)
 .ARM.attributes
                0x00000000000007c6       0x2c /Users/aryamirshafii/.arduinocdt/packages/arduino/tools/arm-none-eabi-gcc/4.8.3-2014q1/bin/../lib/gcc/arm-none-eabi/4.8.3/armv6-m/libgcc.a(floatunsidf.o)
 .ARM.attributes
                0x00000000000007f2       0x2c /Users/aryamirshafii/.arduinocdt/packages/arduino/tools/arm-none-eabi-gcc/4.8.3-2014q1/bin/../lib/gcc/arm-none-eabi/4.8.3/armv6-m/libgcc.a(extendsfdf2.o)
 .ARM.attributes
                0x000000000000081e       0x1e /Users/aryamirshafii/.arduinocdt/packages/arduino/tools/arm-none-eabi-gcc/4.8.3-2014q1/bin/../lib/gcc/arm-none-eabi/4.8.3/armv6-m/libgcc.a(_clzsi2.o)
 .ARM.attributes
                0x000000000000083c       0x2c /Users/aryamirshafii/.arduinocdt/packages/arduino/tools/arm-none-eabi-gcc/4.8.3-2014q1/bin/../lib/gcc/arm-none-eabi/4.8.3/../../../../arm-none-eabi/lib/armv6-m/libc_s.a(lib_a-aeabi_atexit.o)
 .ARM.attributes
                0x0000000000000868       0x2c /Users/aryamirshafii/.arduinocdt/packages/arduino/tools/arm-none-eabi-gcc/4.8.3-2014q1/bin/../lib/gcc/arm-none-eabi/4.8.3/../../../../arm-none-eabi/lib/armv6-m/libc_s.a(lib_a-cxa_atexit.o)
 .ARM.attributes
                0x0000000000000894       0x2c /Users/aryamirshafii/.arduinocdt/packages/arduino/tools/arm-none-eabi-gcc/4.8.3-2014q1/bin/../lib/gcc/arm-none-eabi/4.8.3/../../../../arm-none-eabi/lib/armv6-m/libc_s.a(lib_a-impure.o)
 .ARM.attributes
                0x00000000000008c0       0x2c /Users/aryamirshafii/.arduinocdt/packages/arduino/tools/arm-none-eabi-gcc/4.8.3-2014q1/bin/../lib/gcc/arm-none-eabi/4.8.3/../../../../arm-none-eabi/lib/armv6-m/libc_s.a(lib_a-init.o)
 .ARM.attributes
                0x00000000000008ec       0x2c /Users/aryamirshafii/.arduinocdt/packages/arduino/tools/arm-none-eabi-gcc/4.8.3-2014q1/bin/../lib/gcc/arm-none-eabi/4.8.3/../../../../arm-none-eabi/lib/armv6-m/libc_s.a(lib_a-malloc.o)
 .ARM.attributes
                0x0000000000000918       0x2c /Users/aryamirshafii/.arduinocdt/packages/arduino/tools/arm-none-eabi-gcc/4.8.3-2014q1/bin/../lib/gcc/arm-none-eabi/4.8.3/../../../../arm-none-eabi/lib/armv6-m/libc_s.a(lib_a-memcpy-stub.o)
 .ARM.attributes
                0x0000000000000944       0x2c /Users/aryamirshafii/.arduinocdt/packages/arduino/tools/arm-none-eabi-gcc/4.8.3-2014q1/bin/../lib/gcc/arm-none-eabi/4.8.3/../../../../arm-none-eabi/lib/armv6-m/libc_s.a(lib_a-memset.o)
 .ARM.attributes
                0x0000000000000970       0x2c /Users/aryamirshafii/.arduinocdt/packages/arduino/tools/arm-none-eabi-gcc/4.8.3-2014q1/bin/../lib/gcc/arm-none-eabi/4.8.3/../../../../arm-none-eabi/lib/armv6-m/libc_s.a(lib_a-nano-mallocr.o)
 .ARM.attributes
                0x000000000000099c       0x2c /Users/aryamirshafii/.arduinocdt/packages/arduino/tools/arm-none-eabi-gcc/4.8.3-2014q1/bin/../lib/gcc/arm-none-eabi/4.8.3/../../../../arm-none-eabi/lib/armv6-m/libc_s.a(lib_a-sbrkr.o)
 .ARM.attributes
                0x00000000000009c8       0x2c /Users/aryamirshafii/.arduinocdt/packages/arduino/tools/arm-none-eabi-gcc/4.8.3-2014q1/bin/../lib/gcc/arm-none-eabi/4.8.3/../../../../arm-none-eabi/lib/armv6-m/libc_s.a(lib_a-strlen.o)
 .ARM.attributes
                0x00000000000009f4       0x2c /Users/aryamirshafii/.arduinocdt/packages/arduino/tools/arm-none-eabi-gcc/4.8.3-2014q1/bin/../lib/gcc/arm-none-eabi/4.8.3/../../../../arm-none-eabi/lib/armv6-m/libc_s.a(lib_a-reent.o)
 .ARM.attributes
                0x0000000000000a20       0x2c /Users/aryamirshafii/.arduinocdt/packages/arduino/tools/arm-none-eabi-gcc/4.8.3-2014q1/bin/../lib/gcc/arm-none-eabi/4.8.3/../../../../arm-none-eabi/lib/armv6-m/libnosys.a(sbrk.o)
 .ARM.attributes
                0x0000000000000a4c       0x2c /Users/aryamirshafii/.arduinocdt/packages/arduino/tools/arm-none-eabi-gcc/4.8.3-2014q1/bin/../lib/gcc/arm-none-eabi/4.8.3/armv6-m/crtend.o
 .ARM.attributes
                0x0000000000000a78       0x1e /Users/aryamirshafii/.arduinocdt/packages/arduino/tools/arm-none-eabi-gcc/4.8.3-2014q1/bin/../lib/gcc/arm-none-eabi/4.8.3/armv6-m/crtn.o

.comment        0x0000000000000000       0x70
 .comment       0x0000000000000000       0x70 project/AudioFrequencyMeter.cpp.o
                                         0x71 (size before relaxing)
 .comment       0x0000000000000000       0x71 project/LiquidCrystal.cpp.o
 .comment       0x0000000000000000       0x71 project/SoftwareSerial.cpp.o
 .comment       0x0000000000000000       0x71 project/fall2018HearingCarMainCode.cpp.o
 .comment       0x0000000000000000       0x71 ./core.a(wiring.c.o)
 .comment       0x0000000000000000       0x71 ./core.a(wiring_digital.c.o)
 .comment       0x0000000000000000       0x71 ./core.a(Print.cpp.o)
 .comment       0x0000000000000000       0x71 ./core.a(cortex_handlers.c.o)
 .comment       0x0000000000000000       0x71 ./core.a(wiring_private.c.o)
 .comment       0x0000000000000000       0x71 ./core.a(hooks.c.o)
 .comment       0x0000000000000000       0x71 ./core.a(WInterrupts.c.o)
 .comment       0x0000000000000000       0x71 ./core.a(Uart.cpp.o)
 .comment       0x0000000000000000       0x71 ./core.a(wiring_analog.c.o)
 .comment       0x0000000000000000       0x71 ./core.a(main.cpp.o)
 .comment       0x0000000000000000       0x71 ./core.a(startup.c.o)
 .comment       0x0000000000000000       0x71 ./core.a(variant.cpp.o)
 .comment       0x0000000000000000       0x71 ./core.a(delay.c.o)
 .comment       0x0000000000000000       0x71 ./core.a(USBCore.cpp.o)
 .comment       0x0000000000000000       0x71 ./core.a(SERCOM.cpp.o)
 .comment       0x0000000000000000       0x71 ./core.a(Reset.cpp.o)
 .comment       0x0000000000000000       0x71 ./core.a(new.cpp.o)
 .comment       0x0000000000000000       0x71 ./core.a(PluggableUSB.cpp.o)
 .comment       0x0000000000000000       0x71 ./core.a(CDC.cpp.o)

.debug_info     0x0000000000000000    0x31bdb
 .debug_info    0x0000000000000000     0x2b50 project/AudioFrequencyMeter.cpp.o
 .debug_info    0x0000000000002b50     0x1b0f project/LiquidCrystal.cpp.o
 .debug_info    0x000000000000465f     0x3879 project/SoftwareSerial.cpp.o
 .debug_info    0x0000000000007ed8      0xa8f project/fall2018HearingCarMainCode.cpp.o
 .debug_info    0x0000000000008967     0x1ddc ./core.a(wiring.c.o)
 .debug_info    0x000000000000a743      0xb8f ./core.a(wiring_digital.c.o)
 .debug_info    0x000000000000b2d2     0x2758 ./core.a(Print.cpp.o)
 .debug_info    0x000000000000da2a      0x4d6 ./core.a(cortex_handlers.c.o)
 .debug_info    0x000000000000df00      0xb78 ./core.a(wiring_private.c.o)
 .debug_info    0x000000000000ea78       0x60 ./core.a(hooks.c.o)
 .debug_info    0x000000000000ead8     0x171d ./core.a(WInterrupts.c.o)
 .debug_info    0x00000000000101f5     0x58a9 ./core.a(Uart.cpp.o)
 .debug_info    0x0000000000015a9e     0x435b ./core.a(wiring_analog.c.o)
 .debug_info    0x0000000000019df9      0x7c2 ./core.a(main.cpp.o)
 .debug_info    0x000000000001a5bb     0x28ff ./core.a(startup.c.o)
 .debug_info    0x000000000001ceba     0x551c ./core.a(variant.cpp.o)
 .debug_info    0x00000000000223d6      0x362 ./core.a(delay.c.o)
 .debug_info    0x0000000000022738     0x7c8e ./core.a(USBCore.cpp.o)
 .debug_info    0x000000000002a3c6     0x3a9b ./core.a(SERCOM.cpp.o)
 .debug_info    0x000000000002de61      0x846 ./core.a(Reset.cpp.o)
 .debug_info    0x000000000002e6a7      0x1a1 ./core.a(new.cpp.o)
 .debug_info    0x000000000002e848      0x6f0 ./core.a(PluggableUSB.cpp.o)
 .debug_info    0x000000000002ef38     0x2ca3 ./core.a(CDC.cpp.o)

.debug_abbrev   0x0000000000000000     0x4ea3
 .debug_abbrev  0x0000000000000000      0x53a project/AudioFrequencyMeter.cpp.o
 .debug_abbrev  0x000000000000053a      0x3ce project/LiquidCrystal.cpp.o
 .debug_abbrev  0x0000000000000908      0x68c project/SoftwareSerial.cpp.o
 .debug_abbrev  0x0000000000000f94      0x31c project/fall2018HearingCarMainCode.cpp.o
 .debug_abbrev  0x00000000000012b0      0x281 ./core.a(wiring.c.o)
 .debug_abbrev  0x0000000000001531      0x201 ./core.a(wiring_digital.c.o)
 .debug_abbrev  0x0000000000001732      0x487 ./core.a(Print.cpp.o)
 .debug_abbrev  0x0000000000001bb9      0x159 ./core.a(cortex_handlers.c.o)
 .debug_abbrev  0x0000000000001d12      0x21b ./core.a(wiring_private.c.o)
 .debug_abbrev  0x0000000000001f2d       0x47 ./core.a(hooks.c.o)
 .debug_abbrev  0x0000000000001f74      0x324 ./core.a(WInterrupts.c.o)
 .debug_abbrev  0x0000000000002298      0x65e ./core.a(Uart.cpp.o)
 .debug_abbrev  0x00000000000028f6      0x38f ./core.a(wiring_analog.c.o)
 .debug_abbrev  0x0000000000002c85      0x216 ./core.a(main.cpp.o)
 .debug_abbrev  0x0000000000002e9b      0x17a ./core.a(startup.c.o)
 .debug_abbrev  0x0000000000003015      0x32b ./core.a(variant.cpp.o)
 .debug_abbrev  0x0000000000003340      0x158 ./core.a(delay.c.o)
 .debug_abbrev  0x0000000000003498      0x8f9 ./core.a(USBCore.cpp.o)
 .debug_abbrev  0x0000000000003d91      0x48d ./core.a(SERCOM.cpp.o)
 .debug_abbrev  0x000000000000421e      0x264 ./core.a(Reset.cpp.o)
 .debug_abbrev  0x0000000000004482       0xd7 ./core.a(new.cpp.o)
 .debug_abbrev  0x0000000000004559      0x2f1 ./core.a(PluggableUSB.cpp.o)
 .debug_abbrev  0x000000000000484a      0x659 ./core.a(CDC.cpp.o)

.debug_loc      0x0000000000000000     0x8060
 .debug_loc     0x0000000000000000      0x29e project/AudioFrequencyMeter.cpp.o
 .debug_loc     0x000000000000029e     0x1435 project/LiquidCrystal.cpp.o
 .debug_loc     0x00000000000016d3      0x731 project/SoftwareSerial.cpp.o
 .debug_loc     0x0000000000001e04       0x80 project/fall2018HearingCarMainCode.cpp.o
 .debug_loc     0x0000000000001e84       0xe9 ./core.a(wiring.c.o)
 .debug_loc     0x0000000000001f6d      0x19f ./core.a(wiring_digital.c.o)
 .debug_loc     0x000000000000210c     0x1155 ./core.a(Print.cpp.o)
 .debug_loc     0x0000000000003261       0x7b ./core.a(cortex_handlers.c.o)
 .debug_loc     0x00000000000032dc      0x123 ./core.a(wiring_private.c.o)
 .debug_loc     0x00000000000033ff      0x283 ./core.a(WInterrupts.c.o)
 .debug_loc     0x0000000000003682      0xa94 ./core.a(Uart.cpp.o)
 .debug_loc     0x0000000000004116      0x53d ./core.a(wiring_analog.c.o)
 .debug_loc     0x0000000000004653       0x58 ./core.a(startup.c.o)
 .debug_loc     0x00000000000046ab       0xf4 ./core.a(delay.c.o)
 .debug_loc     0x000000000000479f     0x25e9 ./core.a(USBCore.cpp.o)
 .debug_loc     0x0000000000006d88      0xa97 ./core.a(SERCOM.cpp.o)
 .debug_loc     0x000000000000781f       0x84 ./core.a(new.cpp.o)
 .debug_loc     0x00000000000078a3      0x258 ./core.a(PluggableUSB.cpp.o)
 .debug_loc     0x0000000000007afb      0x565 ./core.a(CDC.cpp.o)

.debug_aranges  0x0000000000000000      0xb78
 .debug_aranges
                0x0000000000000000       0xd0 project/AudioFrequencyMeter.cpp.o
 .debug_aranges
                0x00000000000000d0      0x110 project/LiquidCrystal.cpp.o
 .debug_aranges
                0x00000000000001e0       0xa8 project/SoftwareSerial.cpp.o
 .debug_aranges
                0x0000000000000288       0x40 project/fall2018HearingCarMainCode.cpp.o
 .debug_aranges
                0x00000000000002c8       0x20 ./core.a(wiring.c.o)
 .debug_aranges
                0x00000000000002e8       0x30 ./core.a(wiring_digital.c.o)
 .debug_aranges
                0x0000000000000318      0x108 ./core.a(Print.cpp.o)
 .debug_aranges
                0x0000000000000420       0x40 ./core.a(cortex_handlers.c.o)
 .debug_aranges
                0x0000000000000460       0x20 ./core.a(wiring_private.c.o)
 .debug_aranges
                0x0000000000000480       0x30 ./core.a(hooks.c.o)
 .debug_aranges
                0x00000000000004b0       0x30 ./core.a(WInterrupts.c.o)
 .debug_aranges
                0x00000000000004e0       0xb8 ./core.a(Uart.cpp.o)
 .debug_aranges
                0x0000000000000598       0x48 ./core.a(wiring_analog.c.o)
 .debug_aranges
                0x00000000000005e0       0x28 ./core.a(main.cpp.o)
 .debug_aranges
                0x0000000000000608       0x20 ./core.a(startup.c.o)
 .debug_aranges
                0x0000000000000628       0x30 ./core.a(variant.cpp.o)
 .debug_aranges
                0x0000000000000658       0x38 ./core.a(delay.c.o)
 .debug_aranges
                0x0000000000000690      0x170 ./core.a(USBCore.cpp.o)
 .debug_aranges
                0x0000000000000800      0x1d8 ./core.a(SERCOM.cpp.o)
 .debug_aranges
                0x00000000000009d8       0x30 ./core.a(Reset.cpp.o)
 .debug_aranges
                0x0000000000000a08       0x38 ./core.a(new.cpp.o)
 .debug_aranges
                0x0000000000000a40       0x50 ./core.a(PluggableUSB.cpp.o)
 .debug_aranges
                0x0000000000000a90       0xe8 ./core.a(CDC.cpp.o)

.debug_ranges   0x0000000000000000     0x17a8
 .debug_ranges  0x0000000000000000       0xf0 project/AudioFrequencyMeter.cpp.o
 .debug_ranges  0x00000000000000f0      0x220 project/LiquidCrystal.cpp.o
 .debug_ranges  0x0000000000000310      0x188 project/SoftwareSerial.cpp.o
 .debug_ranges  0x0000000000000498       0x30 project/fall2018HearingCarMainCode.cpp.o
 .debug_ranges  0x00000000000004c8       0x28 ./core.a(wiring.c.o)
 .debug_ranges  0x00000000000004f0       0x20 ./core.a(wiring_digital.c.o)
 .debug_ranges  0x0000000000000510      0x290 ./core.a(Print.cpp.o)
 .debug_ranges  0x00000000000007a0       0x30 ./core.a(cortex_handlers.c.o)
 .debug_ranges  0x00000000000007d0       0x28 ./core.a(wiring_private.c.o)
 .debug_ranges  0x00000000000007f8       0x20 ./core.a(hooks.c.o)
 .debug_ranges  0x0000000000000818       0x38 ./core.a(WInterrupts.c.o)
 .debug_ranges  0x0000000000000850      0x228 ./core.a(Uart.cpp.o)
 .debug_ranges  0x0000000000000a78       0x38 ./core.a(wiring_analog.c.o)
 .debug_ranges  0x0000000000000ab0       0x18 ./core.a(main.cpp.o)
 .debug_ranges  0x0000000000000ac8       0x10 ./core.a(startup.c.o)
 .debug_ranges  0x0000000000000ad8       0x20 ./core.a(variant.cpp.o)
 .debug_ranges  0x0000000000000af8       0x28 ./core.a(delay.c.o)
 .debug_ranges  0x0000000000000b20      0x790 ./core.a(USBCore.cpp.o)
 .debug_ranges  0x00000000000012b0      0x298 ./core.a(SERCOM.cpp.o)
 .debug_ranges  0x0000000000001548       0x38 ./core.a(Reset.cpp.o)
 .debug_ranges  0x0000000000001580       0x28 ./core.a(new.cpp.o)
 .debug_ranges  0x00000000000015a8       0xd0 ./core.a(PluggableUSB.cpp.o)
 .debug_ranges  0x0000000000001678      0x130 ./core.a(CDC.cpp.o)

.debug_line     0x0000000000000000     0x7362
 .debug_line    0x0000000000000000      0x75d project/AudioFrequencyMeter.cpp.o
 .debug_line    0x000000000000075d      0x7da project/LiquidCrystal.cpp.o
 .debug_line    0x0000000000000f37      0x723 project/SoftwareSerial.cpp.o
 .debug_line    0x000000000000165a      0x420 project/fall2018HearingCarMainCode.cpp.o
 .debug_line    0x0000000000001a7a      0x3f7 ./core.a(wiring.c.o)
 .debug_line    0x0000000000001e71      0x356 ./core.a(wiring_digital.c.o)
 .debug_line    0x00000000000021c7      0x694 ./core.a(Print.cpp.o)
 .debug_line    0x000000000000285b      0x300 ./core.a(cortex_handlers.c.o)
 .debug_line    0x0000000000002b5b      0x359 ./core.a(wiring_private.c.o)
 .debug_line    0x0000000000002eb4       0xac ./core.a(hooks.c.o)
 .debug_line    0x0000000000002f60      0x464 ./core.a(WInterrupts.c.o)
 .debug_line    0x00000000000033c4      0x7c2 ./core.a(Uart.cpp.o)
 .debug_line    0x0000000000003b86      0x4e2 ./core.a(wiring_analog.c.o)
 .debug_line    0x0000000000004068      0x2c1 ./core.a(main.cpp.o)
 .debug_line    0x0000000000004329      0x3bf ./core.a(startup.c.o)
 .debug_line    0x00000000000046e8      0x2f3 ./core.a(variant.cpp.o)
 .debug_line    0x00000000000049db      0x2f7 ./core.a(delay.c.o)
 .debug_line    0x0000000000004cd2      0xeac ./core.a(USBCore.cpp.o)
 .debug_line    0x0000000000005b7e      0x96f ./core.a(SERCOM.cpp.o)
 .debug_line    0x00000000000064ed      0x362 ./core.a(Reset.cpp.o)
 .debug_line    0x000000000000684f      0x1c1 ./core.a(new.cpp.o)
 .debug_line    0x0000000000006a10      0x2f5 ./core.a(PluggableUSB.cpp.o)
 .debug_line    0x0000000000006d05      0x65d ./core.a(CDC.cpp.o)

.debug_str      0x0000000000000000     0x9bef
 .debug_str     0x0000000000000000     0x1587 project/AudioFrequencyMeter.cpp.o
                                       0x19cb (size before relaxing)
 .debug_str     0x0000000000001587      0x5e9 project/LiquidCrystal.cpp.o
                                        0x8a7 (size before relaxing)
 .debug_str     0x0000000000001b70     0x16b7 project/SoftwareSerial.cpp.o
                                       0x2233 (size before relaxing)
 .debug_str     0x0000000000003227      0x1bc project/fall2018HearingCarMainCode.cpp.o
                                        0x95a (size before relaxing)
 .debug_str     0x00000000000033e3      0x3ef ./core.a(wiring.c.o)
                                        0xbe4 (size before relaxing)
 .debug_str     0x00000000000037d2       0x7b ./core.a(wiring_digital.c.o)
                                        0x96f (size before relaxing)
 .debug_str     0x000000000000384d      0x377 ./core.a(Print.cpp.o)
                                       0x104f (size before relaxing)
 .debug_str     0x0000000000003bc4      0x3fc ./core.a(cortex_handlers.c.o)
                                        0x631 (size before relaxing)
 .debug_str     0x0000000000003fc0       0x78 ./core.a(wiring_private.c.o)
                                        0x9bf (size before relaxing)
 .debug_str     0x0000000000004038       0x74 ./core.a(hooks.c.o)
                                        0x133 (size before relaxing)
 .debug_str     0x00000000000040ac       0xb1 ./core.a(WInterrupts.c.o)
                                        0xf1c (size before relaxing)
 .debug_str     0x000000000000415d     0x1974 ./core.a(Uart.cpp.o)
                                       0x3a7b (size before relaxing)
 .debug_str     0x0000000000005ad1      0x58c ./core.a(wiring_analog.c.o)
                                       0x161a (size before relaxing)
 .debug_str     0x000000000000605d      0x6b1 ./core.a(main.cpp.o)
                                        0x9a9 (size before relaxing)
 .debug_str     0x000000000000670e      0x445 ./core.a(startup.c.o)
                                        0xd7e (size before relaxing)
 .debug_str     0x0000000000006b53      0x25f ./core.a(variant.cpp.o)
                                       0x2f98 (size before relaxing)
 .debug_str     0x0000000000006db2       0xad ./core.a(delay.c.o)
                                        0x2c1 (size before relaxing)
 .debug_str     0x0000000000006e5f     0x23eb ./core.a(USBCore.cpp.o)
                                       0x3ba8 (size before relaxing)
 .debug_str     0x000000000000924a      0x1b6 ./core.a(SERCOM.cpp.o)
                                       0x22f9 (size before relaxing)
 .debug_str     0x0000000000009400      0x195 ./core.a(Reset.cpp.o)
                                        0x606 (size before relaxing)
 .debug_str     0x0000000000009595       0xa9 ./core.a(new.cpp.o)
                                        0x274 (size before relaxing)
 .debug_str     0x000000000000963e       0xa0 ./core.a(PluggableUSB.cpp.o)
                                        0x620 (size before relaxing)
 .debug_str     0x00000000000096de      0x511 ./core.a(CDC.cpp.o)
                                       0x1f28 (size before relaxing)

.debug_frame    0x0000000000000000     0x216c
 .debug_frame   0x0000000000000000      0x1e8 project/AudioFrequencyMeter.cpp.o
 .debug_frame   0x00000000000001e8      0x324 project/LiquidCrystal.cpp.o
 .debug_frame   0x000000000000050c      0x1c4 project/SoftwareSerial.cpp.o
 .debug_frame   0x00000000000006d0       0x9c project/fall2018HearingCarMainCode.cpp.o
 .debug_frame   0x000000000000076c       0x28 ./core.a(wiring.c.o)
 .debug_frame   0x0000000000000794       0x58 ./core.a(wiring_digital.c.o)
 .debug_frame   0x00000000000007ec      0x330 ./core.a(Print.cpp.o)
 .debug_frame   0x0000000000000b1c       0x7c ./core.a(cortex_handlers.c.o)
 .debug_frame   0x0000000000000b98       0x30 ./core.a(wiring_private.c.o)
 .debug_frame   0x0000000000000bc8       0x40 ./core.a(hooks.c.o)
 .debug_frame   0x0000000000000c08       0x70 ./core.a(WInterrupts.c.o)
 .debug_frame   0x0000000000000c78      0x1c8 ./core.a(Uart.cpp.o)
 .debug_frame   0x0000000000000e40       0x90 ./core.a(wiring_analog.c.o)
 .debug_frame   0x0000000000000ed0       0x38 ./core.a(main.cpp.o)
 .debug_frame   0x0000000000000f08       0x2c ./core.a(startup.c.o)
 .debug_frame   0x0000000000000f34       0x64 ./core.a(variant.cpp.o)
 .debug_frame   0x0000000000000f98       0x78 ./core.a(delay.c.o)
 .debug_frame   0x0000000000001010      0x458 ./core.a(USBCore.cpp.o)
 .debug_frame   0x0000000000001468      0x448 ./core.a(SERCOM.cpp.o)